******************************************************************************
                  MSP430 Linker PC v4.4.5                      
******************************************************************************
>> Linked Sun Mar 13 14:33:11 2016

OUTPUT FILE NAME:   <Gesture_Lock.out>
ENTRY POINT SYMBOL: "_c_int00_noargs"  address: 0000dc54


MEMORY CONFIGURATION

         name            origin    length      used     unused   attr    fill
----------------------  --------  ---------  --------  --------  ----  --------
  SFR                   00000000   00000010  00000000  00000010  RWIX
  PERIPHERALS_8BIT      00000010   000000f0  00000000  000000f0  RWIX
  PERIPHERALS_16BIT     00000100   00000100  00000000  00000100  RWIX
  RAM                   00000200   00000200  0000017a  00000086  RWIX
  INFOD                 00001000   00000040  00000000  00000040  RWIX
  INFOC                 00001040   00000040  00000000  00000040  RWIX
  INFOB                 00001080   00000040  00000000  00000040  RWIX
  INFOA                 000010c0   00000040  00000000  00000040  RWIX
  FLASH                 0000c000   00003fde  000021a1  00001e3d  RWIX
  BSLSIGNATURE          0000ffde   00000002  00000002  00000000  RWIX  ffff 
  INT00                 0000ffe0   00000002  00000002  00000000  RWIX
  INT01                 0000ffe2   00000002  00000000  00000002  RWIX
  INT02                 0000ffe4   00000002  00000002  00000000  RWIX
  INT03                 0000ffe6   00000002  00000002  00000000  RWIX
  INT04                 0000ffe8   00000002  00000000  00000002  RWIX
  INT05                 0000ffea   00000002  00000002  00000000  RWIX
  INT06                 0000ffec   00000002  00000002  00000000  RWIX
  INT07                 0000ffee   00000002  00000002  00000000  RWIX
  INT08                 0000fff0   00000002  00000002  00000000  RWIX
  INT09                 0000fff2   00000002  00000002  00000000  RWIX
  INT10                 0000fff4   00000002  00000002  00000000  RWIX
  INT11                 0000fff6   00000002  00000002  00000000  RWIX
  INT12                 0000fff8   00000002  00000002  00000000  RWIX
  INT13                 0000fffa   00000002  00000002  00000000  RWIX
  INT14                 0000fffc   00000002  00000002  00000000  RWIX
  RESET                 0000fffe   00000002  00000002  00000000  RWIX


SECTION ALLOCATION MAP

 output                                  attributes/
section   page    origin      length       input sections
--------  ----  ----------  ----------   ----------------
.bss       0    00000200    000000ce     UNINITIALIZED
                  00000200    00000096     main.obj (.bss)
                  00000296    00000020     (.common:hash)
                  000002b6    00000002     (.common:RXBytePtr)
                  000002b8    00000002     (.common:Rx)
                  000002ba    00000002     (.common:TXByteCtr)
                  000002bc    00000002     (.common:TXBytePtr)
                  000002be    00000002     (.common:__dso_handle)
                  000002c0    00000002     (.common:memsize)
                  000002c2    00000002     (.common:passwordPTR)
                  000002c4    00000002     (.common:pwd)
                  000002c6    00000002     (.common:sys_base)
                  000002c8    00000002     (.common:sys_free)
                  000002ca    00000001     SparkFun_APDS9960.obj (.bss)
                  000002cb    00000001     (.common:RXBlockCtr)
                  000002cc    00000001     (.common:gValue)
                  000002cd    00000001     (.common:isr_flag)

.sysmem    0    000002d0    00000050     UNINITIALIZED
                  000002d0    00000004     rts430_eabi.lib : memory.obj (.sysmem)
                  000002d4    0000004c     --HOLE--

.data      0    00000320    0000000c     UNINITIALIZED
                  00000320    00000002     rts430_eabi.lib : exit_gvars.obj (.data:__TI_cleanup_ptr)
                  00000322    00000002                     : exit_gvars.obj (.data:__TI_dtors_ptr)
                  00000324    00000002                     : _lock.obj (.data:_lock)
                  00000326    00000002                     : _lock.obj (.data:_unlock)
                  00000328    00000002                     : dtor_list.obj (.data)
                  0000032a    00000002                     : memory.obj (.data)

.stack     0    000003b0    00000050     UNINITIALIZED
                  000003b0    00000002     rts430_eabi.lib : boot.obj (.stack)
                  000003b2    0000004e     --HOLE--

.text      0    0000c000    00001e8e     
                  0000c000    000003b0     sha2.obj (.text:_Z9shaHelperPmS_)
                  0000c3b0    00000274     SparkFun_APDS9960.obj (.text:_ZN17SparkFun_APDS99604initEv)
                  0000c624    00000268     SparkFun_APDS9960.obj (.text:_ZN17SparkFun_APDS996018processGestureDataEv)
                  0000c88c    0000024a     sha2.obj (.text:_Z5SHA_2PmmS_s)
                  0000cad6    000001be     main.obj (.text:_Z13handleGesturev)
                  0000cc94    00000134     SparkFun_APDS9960.obj (.text:_ZN17SparkFun_APDS996013decodeGestureEv)
                  0000cdc8    0000011a     SparkFun_APDS9960.obj (.text:_ZN17SparkFun_APDS996011readGestureEv)
                  0000cee2    000000ca     SparkFun_APDS9960.obj (.text:_ZN17SparkFun_APDS996019enableGestureSensorEb)
                  0000cfac    000000ae     rts430_eabi.lib : memory.obj (.text:malloc)
                  0000d05a    00000080                     : memory.obj (.text:free)
                  0000d0da    0000007e     main.obj (.text:_Z10hash_printv)
                  0000d158    0000007e     I2C.obj (.text:_Z13USCIAB0TX_ISRv)
                  0000d1d6    0000006a     SparkFun_APDS9960.obj (.text:_ZN17SparkFun_APDS99607setModeEhh)
                  0000d240    00000068     main.obj (.text:_Z12hash_comparePKhh)
                  0000d2a8    00000064     rts430_eabi.lib : copy_decompress_rle.obj (.text:__TI_decompress_rle_core)
                  0000d30c    0000005c                     : lsr32.obj (.text:l_lsr_const)
                  0000d368    0000005a     main.obj (.text:_Z13gesture_setupv)
                  0000d3c2    00000058     rts430_eabi.lib : autoinit.obj (.text:_auto_init)
                  0000d41a    00000058     main.obj (.text:main)
                  0000d472    00000054     main.obj (.text:_Z5setupv)
                  0000d4c6    0000004e     SparkFun_APDS9960.obj (.text:_ZN17SparkFun_APDS996011setLEDBoostEh)
                  0000d514    0000004e     SparkFun_APDS9960.obj (.text:_ZN17SparkFun_APDS996011setLEDDriveEh)
                  0000d562    0000004e     SparkFun_APDS9960.obj (.text:_ZN17SparkFun_APDS996014setGestureGainEh)
                  0000d5b0    0000004e     rts430_eabi.lib : dtor_list.obj (.text:__cxa_finalize)
                  0000d5fe    0000004c                     : dtor_list.obj (.text:_Z11__TI_atexitPFYvPvES_S_)
                  0000d64a    0000004c     I2C.obj (.text:_ZN10MSP430_I2C12receiveBlockEhPhhh)
                  0000d696    0000004c     SparkFun_APDS9960.obj (.text:_ZN17SparkFun_APDS996018setGestureLEDDriveEh)
                  0000d6e2    0000004a     SparkFun_APDS9960.obj (.text:_ZN17SparkFun_APDS996016setProximityGainEh)
                  0000d72c    00000046     I2C.obj (.text:_ZN10MSP430_I2C11receiveByteEPhhh)
                  0000d772    00000046     SparkFun_APDS9960.obj (.text:_ZN17SparkFun_APDS996018setGestureWaitTimeEh)
                  0000d7b8    00000046     SparkFun_APDS9960.obj (.text:_ZN17SparkFun_APDS996019setAmbientLightGainEh)
                  0000d7fe    00000044     SparkFun_APDS9960.obj (.text:_ZN17SparkFun_APDS996019setGestureIntEnableEh)
                  0000d842    00000044     rts430_eabi.lib : lsr64.obj (.text:__mspabi_srlll)
                  0000d886    00000042     SparkFun_APDS9960.obj (.text:_ZN17SparkFun_APDS996014setGestureModeEh)
                  0000d8c8    0000003e     rts430_eabi.lib : lsl32.obj (.text:l_lsl_const)
                  0000d906    0000003a     SparkFun_APDS9960.obj (.text:_ZN17SparkFun_APDS996023setLightIntLowThresholdEj)
                  0000d940    0000003a     SparkFun_APDS9960.obj (.text:_ZN17SparkFun_APDS996024setLightIntHighThresholdEj)
                  0000d97a    00000038     functions.obj (.text:_Z9blink_LEDhm)
                  0000d9b2    00000038     rts430_eabi.lib : memory.obj (.text:minit)
                  0000d9ea    00000032     functions.obj (.text:_Z9wait_timem)
                  0000da1c    00000032     I2C.obj (.text:_ZN10MSP430_I2C4initEv)
                  0000da4e    00000032     main.obj (.text:__sti___8_main_cpp_Wire)
                  0000da80    0000002c     rts430_eabi.lib : asr16.obj (.text)
                  0000daac    0000002c                     : div16s.obj (.text)
                  0000dad8    0000002c                     : lsl16.obj (.text)
                  0000db04    0000002a     SparkFun_APDS9960.obj (.text:_ZN17SparkFun_APDS996022resetGestureParametersEv)
                  0000db2e    0000002a     rts430_eabi.lib : exit.obj (.text:exit)
                  0000db58    00000028     main.obj (.text:_Z10uart_setupv)
                  0000db80    00000026     I2C.obj (.text:_ZN10MSP430_I2C8transmitEhPhh)
                  0000dba6    00000026     SparkFun_APDS9960.obj (.text:_ZN17SparkFun_APDS996018isGestureAvailableEv)
                  0000dbcc    00000024     main.obj (.text:_Z9SHA2_hashPmS_)
                  0000dbf0    00000022     SparkFun_APDS9960.obj (.text:_ZN17SparkFun_APDS996017wireReadDataBlockEhPhj)
                  0000dc12    00000022     SparkFun_APDS9960.obj (.text:_ZN17SparkFun_APDS9960C1Ev)
                  0000dc34    00000020     SparkFun_APDS9960.obj (.text:_ZN17SparkFun_APDS996017wireWriteDataByteEhh)
                  0000dc54    0000001c     rts430_eabi.lib : boot_special.obj (.text:_c_int00_noargs)
                  0000dc70    0000001a     main.obj (.text:_Z8solenoidh)
                  0000dc8a    0000001a     main.obj (.text:_Z9isr_setupv)
                  0000dca4    0000001a     SparkFun_APDS9960.obj (.text:_ZN17SparkFun_APDS996019setProxIntLowThreshEh)
                  0000dcbe    0000001a     SparkFun_APDS9960.obj (.text:_ZN17SparkFun_APDS996020setGestureExitThreshEh)
                  0000dcd8    0000001a     SparkFun_APDS9960.obj (.text:_ZN17SparkFun_APDS996020setProxIntHighThreshEh)
                  0000dcf2    0000001a     SparkFun_APDS9960.obj (.text:_ZN17SparkFun_APDS996021setGestureEnterThreshEh)
                  0000dd0c    0000001a     SparkFun_APDS9960.obj (.text:_ZN17SparkFun_APDS99607getModeEv)
                  0000dd26    0000001a     SparkFun_APDS9960.obj (.text:__sti___21_SparkFun_APDS9960_cpp_i2cwire)
                  0000dd40    00000018     functions.obj (.text:_Z13uart_transmitPch)
                  0000dd58    00000018     SparkFun_APDS9960.obj (.text:_ZN17SparkFun_APDS996011enablePowerEv)
                  0000dd70    00000016     SparkFun_APDS9960.obj (.text:_ZN17SparkFun_APDS996016wireReadDataByteEhRh)
                  0000dd86    00000016     rts430_eabi.lib : div16u.obj (.text)
                  0000dd9c    00000014                     : copy_zero_init.obj (.text:decompress:ZI:__TI_zero_init)
                  0000ddb0    00000014                     : memset.obj (.text:memset)
                  0000ddc4    00000014                     : mult16.obj (.text)
                  0000ddd8    00000012                     : copy_decompress_none.obj (.text:decompress:none:__TI_decompress_none)
                  0000ddea    00000012                     : lsr32.obj (.text:l_lsr)
                  0000ddfc    00000012                     : memcpy.obj (.text:memcpy)
                  0000de0e    00000012                     : rotl32.obj (.text)
                  0000de20    00000010     functions.obj (.text:_Z6Port_2v)
                  0000de30    00000010     rts430_eabi.lib : asr32.obj (.text:l_asr)
                  0000de40    00000010                     : epilog.obj (.text)
                  0000de50    0000000a     main.obj (.text:_Z9led_setupv)
                  0000de5a    0000000a     I2C.obj (.text:_ZN10MSP430_I2CC1Ev)
                  0000de64    0000000a     rts430_eabi.lib : abs.obj (.text:abs)
                  0000de6e    00000006                     : dtor_list.obj (.text:__cxa_ia64_exit)
                  0000de74    00000006                     : isr_trap.obj (.text:_isr:__TI_ISR_TRAP)
                  0000de7a    00000006                     : copy_decompress_rle.obj (.text:decompress:rle24:__TI_decompress_rle24)
                  0000de80    00000004                     : pre_init.obj (.text:_system_pre_init)
                  0000de84    00000004                     : exit.obj (.text:abort)
                  0000de88    00000002     I2C.obj (.text:_ZN10MSP430_I2CD1Ev)
                  0000de8a    00000002     SparkFun_APDS9960.obj (.text:_ZN17SparkFun_APDS9960D1Ev)
                  0000de8c    00000002     rts430_eabi.lib : _lock.obj (.text:_nop)

.const     0    0000de8e    000002ed     
                  0000de8e    0000011c     main.obj (.const:.string)
                  0000dfaa    00000100     sha2.obj (.const:K256)
                  0000e0aa    00000041     main.obj (.const:.string:pwd1)
                  0000e0eb    00000001     --HOLE-- [fill = 0]
                  0000e0ec    00000041     main.obj (.const:.string:pwd2)
                  0000e12d    00000001     --HOLE-- [fill = 0]
                  0000e12e    00000020     sha2.obj (.const:Initial_Hash)
                  0000e14e    00000020     sha2.obj (.const:Initial_Hash_224)
                  0000e16e    0000000d     main.obj (.const)

.cinit     0    0000e180    00000022     
                  0000e180    00000010     (.cinit..data.load) [load image]
                  0000e190    00000006     (__TI_handler_table)
                  0000e196    00000004     (.cinit..bss.load) [load image, compression = zero_init]
                  0000e19a    00000008     (__TI_cinit_table)

.init_array 
*          0    0000e17c    00000004     
                  0000e17c    00000002     SparkFun_APDS9960.obj (.init_array)
                  0000e17e    00000002     main.obj (.init_array)

.TI.persistent 
*          0    00000320    00000000     UNINITIALIZED

$fill000   0    0000ffde    00000002     
                  0000ffde    00000002     --HOLE-- [fill = ffff]

TRAPINT    0    0000ffe0    00000002     
                  0000ffe0    00000002     rts430_eabi.lib : int00.obj (.int00)

PORT1      0    0000ffe4    00000002     
                  0000ffe4    00000002     rts430_eabi.lib : int02.obj (.int02)

PORT2      0    0000ffe6    00000002     
                  0000ffe6    00000002     functions.obj (.int03)

ADC10      0    0000ffea    00000002     
                  0000ffea    00000002     rts430_eabi.lib : int05.obj (.int05)

USCIAB0TX 
*          0    0000ffec    00000002     
                  0000ffec    00000002     I2C.obj (.int06)

USCIAB0RX 
*          0    0000ffee    00000002     
                  0000ffee    00000002     rts430_eabi.lib : int07.obj (.int07)

TIMER0_A1 
*          0    0000fff0    00000002     
                  0000fff0    00000002     rts430_eabi.lib : int08.obj (.int08)

TIMER0_A0 
*          0    0000fff2    00000002     
                  0000fff2    00000002     rts430_eabi.lib : int09.obj (.int09)

WDT        0    0000fff4    00000002     
                  0000fff4    00000002     rts430_eabi.lib : int10.obj (.int10)

COMPARATORA 
*          0    0000fff6    00000002     
                  0000fff6    00000002     rts430_eabi.lib : int11.obj (.int11)

TIMER1_A1 
*          0    0000fff8    00000002     
                  0000fff8    00000002     rts430_eabi.lib : int12.obj (.int12)

TIMER1_A0 
*          0    0000fffa    00000002     
                  0000fffa    00000002     rts430_eabi.lib : int13.obj (.int13)

NMI        0    0000fffc    00000002     
                  0000fffc    00000002     rts430_eabi.lib : int14.obj (.int14)

.reset     0    0000fffe    00000002     
                  0000fffe    00000002     rts430_eabi.lib : boot.obj (.reset)


LINKER GENERATED COPY TABLES

__TI_cinit_table @ 0000e19a records: 2, size/record: 4, table size: 8
	.data: load addr=0000e180, load size=00000010 bytes, run addr=00000320, run size=0000000c bytes, compression=copy
	.bss: load addr=0000e196, load size=00000004 bytes, run addr=00000200, run size=000000ce bytes, compression=zero_init


LINKER GENERATED HANDLER TABLE

__TI_handler_table @ 0000e190 records: 3, size/record: 2, table size: 6
	index: 0, handler: __TI_zero_init
	index: 1, handler: __TI_decompress_rle24
	index: 2, handler: __TI_decompress_none


GLOBAL SYMBOLS: SORTED ALPHABETICALLY BY Name 

address   name                                              
-------   ----                                              
0000004a  ADC10AE0                                          
000001b0  ADC10CTL0                                         
000001b2  ADC10CTL1                                         
00000048  ADC10DTC0                                         
00000049  ADC10DTC1                                         
000001b4  ADC10MEM                                          
000001bc  ADC10SA                                           
00000057  BCSCTL1                                           
00000058  BCSCTL2                                           
00000053  BCSCTL3                                           
0000de84  C$$EXIT                                           
00000059  CACTL1                                            
0000005a  CACTL2                                            
000010fb  CALBC1_12MHZ                                      
000010f9  CALBC1_16MHZ                                      
000010ff  CALBC1_1MHZ                                       
000010fd  CALBC1_8MHZ                                       
000010fa  CALDCO_12MHZ                                      
000010f8  CALDCO_16MHZ                                      
000010fe  CALDCO_1MHZ                                       
000010fc  CALDCO_8MHZ                                       
0000005b  CAPD                                              
00000056  DCOCTL                                            
00000128  FCTL1                                             
0000012a  FCTL2                                             
0000012c  FCTL3                                             
00000000  IE1                                               
00000001  IE2                                               
00000002  IFG1                                              
00000003  IFG2                                              
00000022  P1DIR                                             
00000025  P1IE                                              
00000024  P1IES                                             
00000023  P1IFG                                             
00000020  P1IN                                              
00000021  P1OUT                                             
00000027  P1REN                                             
00000026  P1SEL                                             
00000041  P1SEL2                                            
0000002a  P2DIR                                             
0000002d  P2IE                                              
0000002c  P2IES                                             
0000002b  P2IFG                                             
00000028  P2IN                                              
00000029  P2OUT                                             
0000002f  P2REN                                             
0000002e  P2SEL                                             
00000042  P2SEL2                                            
0000001a  P3DIR                                             
00000018  P3IN                                              
00000019  P3OUT                                             
00000010  P3REN                                             
0000001b  P3SEL                                             
00000043  P3SEL2                                            
000002cb  RXBlockCtr                                        
000002b6  RXBytePtr                                         
000002b8  Rx                                                
00000172  TA0CCR0                                           
00000174  TA0CCR1                                           
00000176  TA0CCR2                                           
00000162  TA0CCTL0                                          
00000164  TA0CCTL1                                          
00000166  TA0CCTL2                                          
00000160  TA0CTL                                            
0000012e  TA0IV                                             
00000170  TA0R                                              
00000192  TA1CCR0                                           
00000194  TA1CCR1                                           
00000196  TA1CCR2                                           
00000182  TA1CCTL0                                          
00000184  TA1CCTL1                                          
00000186  TA1CCTL2                                          
00000180  TA1CTL                                            
0000011e  TA1IV                                             
00000190  TA1R                                              
000010db  TLV_ADC10_1_LEN                                   
000010da  TLV_ADC10_1_TAG                                   
000010c0  TLV_CHECKSUM                                      
000010f7  TLV_DCO_30_LEN                                    
000010f6  TLV_DCO_30_TAG                                    
000002ba  TXByteCtr                                         
000002bc  TXBytePtr                                         
0000005d  UCA0ABCTL                                         
00000062  UCA0BR0                                           
00000063  UCA0BR1                                           
00000060  UCA0CTL0                                          
00000061  UCA0CTL1                                          
0000005f  UCA0IRRCTL                                        
0000005e  UCA0IRTCTL                                        
00000064  UCA0MCTL                                          
00000066  UCA0RXBUF                                         
00000065  UCA0STAT                                          
00000067  UCA0TXBUF                                         
0000006a  UCB0BR0                                           
0000006b  UCB0BR1                                           
00000068  UCB0CTL0                                          
00000069  UCB0CTL1                                          
0000006c  UCB0I2CIE                                         
00000118  UCB0I2COA                                         
0000011a  UCB0I2CSA                                         
0000006e  UCB0RXBUF                                         
0000006d  UCB0STAT                                          
0000006f  UCB0TXBUF                                         
00000120  WDTCTL                                            
00000200  Wire                                              
0000d0da  _Z10hash_printv                                   
0000db58  _Z10uart_setupv                                   
0000d240  _Z12hash_comparePKhh                              
0000d158  _Z13USCIAB0TX_ISRv                                
0000d368  _Z13gesture_setupv                                
0000cad6  _Z13handleGesturev                                
0000dd40  _Z13uart_transmitPch                              
0000c88c  _Z5SHA_2PmmS_s                                    
0000d472  _Z5setupv                                         
0000de20  _Z6Port_2v                                        
0000dc70  _Z8solenoidh                                      
0000dbcc  _Z9SHA2_hashPmS_                                  
0000d97a  _Z9blink_LEDhm                                    
0000dc8a  _Z9isr_setupv                                     
0000de50  _Z9led_setupv                                     
0000c000  _Z9shaHelperPmS_                                  
0000d9ea  _Z9wait_timem                                     
0000d72c  _ZN10MSP430_I2C11receiveByteEPhhh                 
0000d64a  _ZN10MSP430_I2C12receiveBlockEhPhhh               
0000da1c  _ZN10MSP430_I2C4initEv                            
0000db80  _ZN10MSP430_I2C8transmitEhPhh                     
0000de5a  _ZN10MSP430_I2CC1Ev                               
0000de5a  _ZN10MSP430_I2CC2Ev                               
0000de88  _ZN10MSP430_I2CD1Ev                               
0000de88  _ZN10MSP430_I2CD2Ev                               
0000dd58  _ZN17SparkFun_APDS996011enablePowerEv             
0000cdc8  _ZN17SparkFun_APDS996011readGestureEv             
0000d4c6  _ZN17SparkFun_APDS996011setLEDBoostEh             
0000d514  _ZN17SparkFun_APDS996011setLEDDriveEh             
0000cc94  _ZN17SparkFun_APDS996013decodeGestureEv           
0000d562  _ZN17SparkFun_APDS996014setGestureGainEh          
0000d886  _ZN17SparkFun_APDS996014setGestureModeEh          
0000d6e2  _ZN17SparkFun_APDS996016setProximityGainEh        
0000dd70  _ZN17SparkFun_APDS996016wireReadDataByteEhRh      
0000dbf0  _ZN17SparkFun_APDS996017wireReadDataBlockEhPhj    
0000dc34  _ZN17SparkFun_APDS996017wireWriteDataByteEhh      
0000dba6  _ZN17SparkFun_APDS996018isGestureAvailableEv      
0000c624  _ZN17SparkFun_APDS996018processGestureDataEv      
0000d696  _ZN17SparkFun_APDS996018setGestureLEDDriveEh      
0000d772  _ZN17SparkFun_APDS996018setGestureWaitTimeEh      
0000cee2  _ZN17SparkFun_APDS996019enableGestureSensorEb     
0000d7b8  _ZN17SparkFun_APDS996019setAmbientLightGainEh     
0000d7fe  _ZN17SparkFun_APDS996019setGestureIntEnableEh     
0000dca4  _ZN17SparkFun_APDS996019setProxIntLowThreshEh     
0000dcbe  _ZN17SparkFun_APDS996020setGestureExitThreshEh    
0000dcd8  _ZN17SparkFun_APDS996020setProxIntHighThreshEh    
0000dcf2  _ZN17SparkFun_APDS996021setGestureEnterThreshEh   
0000db04  _ZN17SparkFun_APDS996022resetGestureParametersEv  
0000d906  _ZN17SparkFun_APDS996023setLightIntLowThresholdEj 
0000d940  _ZN17SparkFun_APDS996024setLightIntHighThresholdEj
0000c3b0  _ZN17SparkFun_APDS99604initEv                     
0000dd0c  _ZN17SparkFun_APDS99607getModeEv                  
0000d1d6  _ZN17SparkFun_APDS99607setModeEhh                 
0000dc12  _ZN17SparkFun_APDS9960C1Ev                        
0000dc12  _ZN17SparkFun_APDS9960C2Ev                        
0000de8a  _ZN17SparkFun_APDS9960D1Ev                        
0000de8a  _ZN17SparkFun_APDS9960D2Ev                        
00000400  __STACK_END                                       
00000050  __STACK_SIZE                                      
00000050  __SYSMEM_SIZE                                     
0000e19a  __TI_CINIT_Base                                   
0000e1a2  __TI_CINIT_Limit                                  
0000e190  __TI_Handler_Table_Base                           
0000e196  __TI_Handler_Table_Limit                          
0000e17c  __TI_INITARRAY_Base                               
0000e180  __TI_INITARRAY_Limit                              
0000de74  __TI_ISR_TRAP                                     
00000320  __TI_cleanup_ptr                                  
0000ddd8  __TI_decompress_none                              
0000de7a  __TI_decompress_rle24                             
00000322  __TI_dtors_ptr                                    
0000ffe0  __TI_int00                                        
0000ffe4  __TI_int02                                        
0000ffe6  __TI_int03                                        
0000ffea  __TI_int05                                        
0000ffec  __TI_int06                                        
0000ffee  __TI_int07                                        
0000fff0  __TI_int08                                        
0000fff2  __TI_int09                                        
0000fff4  __TI_int10                                        
0000fff6  __TI_int11                                        
0000fff8  __TI_int12                                        
0000fffa  __TI_int13                                        
0000fffc  __TI_int14                                        
0000dd9c  __TI_zero_init                                    
ffffffff  __binit__                                         
ffffffff  __c_args__                                        
0000d5fe  __cxa_atexit                                      
0000d5b0  __cxa_finalize                                    
0000de6e  __cxa_ia64_exit                                   
000002be  __dso_handle                                      
0000daac  __mspabi_divi                                     
0000dd86  __mspabi_divu                                     
0000de4c  __mspabi_func_epilog_1                            
0000de4a  __mspabi_func_epilog_2                            
0000de48  __mspabi_func_epilog_3                            
0000de46  __mspabi_func_epilog_4                            
0000de44  __mspabi_func_epilog_5                            
0000de42  __mspabi_func_epilog_6                            
0000de40  __mspabi_func_epilog_7                            
0000ddc4  __mspabi_mpyi                                     
0000ddc4  __mspabi_mpyi_sw                                  
0000daac  __mspabi_remi                                     
0000dd86  __mspabi_remu                                     
0000de0e  __mspabi_rlll                                     
0000dad8  __mspabi_slli                                     
0000db00  __mspabi_slli_1                                   
0000daee  __mspabi_slli_10                                  
0000daec  __mspabi_slli_11                                  
0000daea  __mspabi_slli_12                                  
0000dae8  __mspabi_slli_13                                  
0000dae6  __mspabi_slli_14                                  
0000dae4  __mspabi_slli_15                                  
0000dafe  __mspabi_slli_2                                   
0000dafc  __mspabi_slli_3                                   
0000dafa  __mspabi_slli_4                                   
0000daf8  __mspabi_slli_5                                   
0000daf6  __mspabi_slli_6                                   
0000daf4  __mspabi_slli_7                                   
0000daf2  __mspabi_slli_8                                   
0000daf0  __mspabi_slli_9                                   
0000d900  __mspabi_slll_1                                   
0000d8dc  __mspabi_slll_10                                  
0000d8d8  __mspabi_slll_11                                  
0000d8d4  __mspabi_slll_12                                  
0000d8d0  __mspabi_slll_13                                  
0000d8cc  __mspabi_slll_14                                  
0000d8c8  __mspabi_slll_15                                  
0000d8fc  __mspabi_slll_2                                   
0000d8f8  __mspabi_slll_3                                   
0000d8f4  __mspabi_slll_4                                   
0000d8f0  __mspabi_slll_5                                   
0000d8ec  __mspabi_slll_6                                   
0000d8e8  __mspabi_slll_7                                   
0000d8e4  __mspabi_slll_8                                   
0000d8e0  __mspabi_slll_9                                   
0000da80  __mspabi_srai                                     
0000daa8  __mspabi_srai_1                                   
0000da96  __mspabi_srai_10                                  
0000da94  __mspabi_srai_11                                  
0000da92  __mspabi_srai_12                                  
0000da90  __mspabi_srai_13                                  
0000da8e  __mspabi_srai_14                                  
0000da8c  __mspabi_srai_15                                  
0000daa6  __mspabi_srai_2                                   
0000daa4  __mspabi_srai_3                                   
0000daa2  __mspabi_srai_4                                   
0000daa0  __mspabi_srai_5                                   
0000da9e  __mspabi_srai_6                                   
0000da9c  __mspabi_srai_7                                   
0000da9a  __mspabi_srai_8                                   
0000da98  __mspabi_srai_9                                   
0000de30  __mspabi_sral                                     
0000ddea  __mspabi_srll                                     
0000d360  __mspabi_srll_1                                   
0000d32a  __mspabi_srll_10                                  
0000d324  __mspabi_srll_11                                  
0000d31e  __mspabi_srll_12                                  
0000d318  __mspabi_srll_13                                  
0000d312  __mspabi_srll_14                                  
0000d30c  __mspabi_srll_15                                  
0000d35a  __mspabi_srll_2                                   
0000d354  __mspabi_srll_3                                   
0000d34e  __mspabi_srll_4                                   
0000d348  __mspabi_srll_5                                   
0000d342  __mspabi_srll_6                                   
0000d33c  __mspabi_srll_7                                   
0000d336  __mspabi_srll_8                                   
0000d330  __mspabi_srll_9                                   
0000d842  __mspabi_srlll                                    
0000dd26  __sti___21_SparkFun_APDS9960_cpp_i2cwire          
0000da4e  __sti___8_main_cpp_Wire                           
0000d3c2  _auto_init                                        
0000dc54  _c_int00_noargs                                   
00000324  _lock                                             
0000de8c  _nop                                              
0000fffe  _reset_vector                                     
000003b0  _stack                                            
000002d0  _sys_memory                                       
0000de80  _system_pre_init                                  
00000326  _unlock                                           
0000de84  abort                                             
0000de64  abs                                               
00000202  apds                                              
ffffffff  binit                                             
0000db2e  exit                                              
0000d05a  free                                              
000002cc  gValue                                            
00000296  hash                                              
000002ca  i2cwire                                           
000002cd  isr_flag                                          
0000d41a  main                                              
0000cfac  malloc                                            
0000ddfc  memcpy                                            
0000ddb0  memset                                            
0000d9b2  minit                                             
000002c2  passwordPTR                                       
000002c4  pwd                                               


GLOBAL SYMBOLS: SORTED BY Symbol Address 

address   name                                              
-------   ----                                              
00000000  IE1                                               
00000001  IE2                                               
00000002  IFG1                                              
00000003  IFG2                                              
00000010  P3REN                                             
00000018  P3IN                                              
00000019  P3OUT                                             
0000001a  P3DIR                                             
0000001b  P3SEL                                             
00000020  P1IN                                              
00000021  P1OUT                                             
00000022  P1DIR                                             
00000023  P1IFG                                             
00000024  P1IES                                             
00000025  P1IE                                              
00000026  P1SEL                                             
00000027  P1REN                                             
00000028  P2IN                                              
00000029  P2OUT                                             
0000002a  P2DIR                                             
0000002b  P2IFG                                             
0000002c  P2IES                                             
0000002d  P2IE                                              
0000002e  P2SEL                                             
0000002f  P2REN                                             
00000041  P1SEL2                                            
00000042  P2SEL2                                            
00000043  P3SEL2                                            
00000048  ADC10DTC0                                         
00000049  ADC10DTC1                                         
0000004a  ADC10AE0                                          
00000050  __STACK_SIZE                                      
00000050  __SYSMEM_SIZE                                     
00000053  BCSCTL3                                           
00000056  DCOCTL                                            
00000057  BCSCTL1                                           
00000058  BCSCTL2                                           
00000059  CACTL1                                            
0000005a  CACTL2                                            
0000005b  CAPD                                              
0000005d  UCA0ABCTL                                         
0000005e  UCA0IRTCTL                                        
0000005f  UCA0IRRCTL                                        
00000060  UCA0CTL0                                          
00000061  UCA0CTL1                                          
00000062  UCA0BR0                                           
00000063  UCA0BR1                                           
00000064  UCA0MCTL                                          
00000065  UCA0STAT                                          
00000066  UCA0RXBUF                                         
00000067  UCA0TXBUF                                         
00000068  UCB0CTL0                                          
00000069  UCB0CTL1                                          
0000006a  UCB0BR0                                           
0000006b  UCB0BR1                                           
0000006c  UCB0I2CIE                                         
0000006d  UCB0STAT                                          
0000006e  UCB0RXBUF                                         
0000006f  UCB0TXBUF                                         
00000118  UCB0I2COA                                         
0000011a  UCB0I2CSA                                         
0000011e  TA1IV                                             
00000120  WDTCTL                                            
00000128  FCTL1                                             
0000012a  FCTL2                                             
0000012c  FCTL3                                             
0000012e  TA0IV                                             
00000160  TA0CTL                                            
00000162  TA0CCTL0                                          
00000164  TA0CCTL1                                          
00000166  TA0CCTL2                                          
00000170  TA0R                                              
00000172  TA0CCR0                                           
00000174  TA0CCR1                                           
00000176  TA0CCR2                                           
00000180  TA1CTL                                            
00000182  TA1CCTL0                                          
00000184  TA1CCTL1                                          
00000186  TA1CCTL2                                          
00000190  TA1R                                              
00000192  TA1CCR0                                           
00000194  TA1CCR1                                           
00000196  TA1CCR2                                           
000001b0  ADC10CTL0                                         
000001b2  ADC10CTL1                                         
000001b4  ADC10MEM                                          
000001bc  ADC10SA                                           
00000200  Wire                                              
00000202  apds                                              
00000296  hash                                              
000002b6  RXBytePtr                                         
000002b8  Rx                                                
000002ba  TXByteCtr                                         
000002bc  TXBytePtr                                         
000002be  __dso_handle                                      
000002c2  passwordPTR                                       
000002c4  pwd                                               
000002ca  i2cwire                                           
000002cb  RXBlockCtr                                        
000002cc  gValue                                            
000002cd  isr_flag                                          
000002d0  _sys_memory                                       
00000320  __TI_cleanup_ptr                                  
00000322  __TI_dtors_ptr                                    
00000324  _lock                                             
00000326  _unlock                                           
000003b0  _stack                                            
00000400  __STACK_END                                       
000010c0  TLV_CHECKSUM                                      
000010da  TLV_ADC10_1_TAG                                   
000010db  TLV_ADC10_1_LEN                                   
000010f6  TLV_DCO_30_TAG                                    
000010f7  TLV_DCO_30_LEN                                    
000010f8  CALDCO_16MHZ                                      
000010f9  CALBC1_16MHZ                                      
000010fa  CALDCO_12MHZ                                      
000010fb  CALBC1_12MHZ                                      
000010fc  CALDCO_8MHZ                                       
000010fd  CALBC1_8MHZ                                       
000010fe  CALDCO_1MHZ                                       
000010ff  CALBC1_1MHZ                                       
0000c000  _Z9shaHelperPmS_                                  
0000c3b0  _ZN17SparkFun_APDS99604initEv                     
0000c624  _ZN17SparkFun_APDS996018processGestureDataEv      
0000c88c  _Z5SHA_2PmmS_s                                    
0000cad6  _Z13handleGesturev                                
0000cc94  _ZN17SparkFun_APDS996013decodeGestureEv           
0000cdc8  _ZN17SparkFun_APDS996011readGestureEv             
0000cee2  _ZN17SparkFun_APDS996019enableGestureSensorEb     
0000cfac  malloc                                            
0000d05a  free                                              
0000d0da  _Z10hash_printv                                   
0000d158  _Z13USCIAB0TX_ISRv                                
0000d1d6  _ZN17SparkFun_APDS99607setModeEhh                 
0000d240  _Z12hash_comparePKhh                              
0000d30c  __mspabi_srll_15                                  
0000d312  __mspabi_srll_14                                  
0000d318  __mspabi_srll_13                                  
0000d31e  __mspabi_srll_12                                  
0000d324  __mspabi_srll_11                                  
0000d32a  __mspabi_srll_10                                  
0000d330  __mspabi_srll_9                                   
0000d336  __mspabi_srll_8                                   
0000d33c  __mspabi_srll_7                                   
0000d342  __mspabi_srll_6                                   
0000d348  __mspabi_srll_5                                   
0000d34e  __mspabi_srll_4                                   
0000d354  __mspabi_srll_3                                   
0000d35a  __mspabi_srll_2                                   
0000d360  __mspabi_srll_1                                   
0000d368  _Z13gesture_setupv                                
0000d3c2  _auto_init                                        
0000d41a  main                                              
0000d472  _Z5setupv                                         
0000d4c6  _ZN17SparkFun_APDS996011setLEDBoostEh             
0000d514  _ZN17SparkFun_APDS996011setLEDDriveEh             
0000d562  _ZN17SparkFun_APDS996014setGestureGainEh          
0000d5b0  __cxa_finalize                                    
0000d5fe  __cxa_atexit                                      
0000d64a  _ZN10MSP430_I2C12receiveBlockEhPhhh               
0000d696  _ZN17SparkFun_APDS996018setGestureLEDDriveEh      
0000d6e2  _ZN17SparkFun_APDS996016setProximityGainEh        
0000d72c  _ZN10MSP430_I2C11receiveByteEPhhh                 
0000d772  _ZN17SparkFun_APDS996018setGestureWaitTimeEh      
0000d7b8  _ZN17SparkFun_APDS996019setAmbientLightGainEh     
0000d7fe  _ZN17SparkFun_APDS996019setGestureIntEnableEh     
0000d842  __mspabi_srlll                                    
0000d886  _ZN17SparkFun_APDS996014setGestureModeEh          
0000d8c8  __mspabi_slll_15                                  
0000d8cc  __mspabi_slll_14                                  
0000d8d0  __mspabi_slll_13                                  
0000d8d4  __mspabi_slll_12                                  
0000d8d8  __mspabi_slll_11                                  
0000d8dc  __mspabi_slll_10                                  
0000d8e0  __mspabi_slll_9                                   
0000d8e4  __mspabi_slll_8                                   
0000d8e8  __mspabi_slll_7                                   
0000d8ec  __mspabi_slll_6                                   
0000d8f0  __mspabi_slll_5                                   
0000d8f4  __mspabi_slll_4                                   
0000d8f8  __mspabi_slll_3                                   
0000d8fc  __mspabi_slll_2                                   
0000d900  __mspabi_slll_1                                   
0000d906  _ZN17SparkFun_APDS996023setLightIntLowThresholdEj 
0000d940  _ZN17SparkFun_APDS996024setLightIntHighThresholdEj
0000d97a  _Z9blink_LEDhm                                    
0000d9b2  minit                                             
0000d9ea  _Z9wait_timem                                     
0000da1c  _ZN10MSP430_I2C4initEv                            
0000da4e  __sti___8_main_cpp_Wire                           
0000da80  __mspabi_srai                                     
0000da8c  __mspabi_srai_15                                  
0000da8e  __mspabi_srai_14                                  
0000da90  __mspabi_srai_13                                  
0000da92  __mspabi_srai_12                                  
0000da94  __mspabi_srai_11                                  
0000da96  __mspabi_srai_10                                  
0000da98  __mspabi_srai_9                                   
0000da9a  __mspabi_srai_8                                   
0000da9c  __mspabi_srai_7                                   
0000da9e  __mspabi_srai_6                                   
0000daa0  __mspabi_srai_5                                   
0000daa2  __mspabi_srai_4                                   
0000daa4  __mspabi_srai_3                                   
0000daa6  __mspabi_srai_2                                   
0000daa8  __mspabi_srai_1                                   
0000daac  __mspabi_divi                                     
0000daac  __mspabi_remi                                     
0000dad8  __mspabi_slli                                     
0000dae4  __mspabi_slli_15                                  
0000dae6  __mspabi_slli_14                                  
0000dae8  __mspabi_slli_13                                  
0000daea  __mspabi_slli_12                                  
0000daec  __mspabi_slli_11                                  
0000daee  __mspabi_slli_10                                  
0000daf0  __mspabi_slli_9                                   
0000daf2  __mspabi_slli_8                                   
0000daf4  __mspabi_slli_7                                   
0000daf6  __mspabi_slli_6                                   
0000daf8  __mspabi_slli_5                                   
0000dafa  __mspabi_slli_4                                   
0000dafc  __mspabi_slli_3                                   
0000dafe  __mspabi_slli_2                                   
0000db00  __mspabi_slli_1                                   
0000db04  _ZN17SparkFun_APDS996022resetGestureParametersEv  
0000db2e  exit                                              
0000db58  _Z10uart_setupv                                   
0000db80  _ZN10MSP430_I2C8transmitEhPhh                     
0000dba6  _ZN17SparkFun_APDS996018isGestureAvailableEv      
0000dbcc  _Z9SHA2_hashPmS_                                  
0000dbf0  _ZN17SparkFun_APDS996017wireReadDataBlockEhPhj    
0000dc12  _ZN17SparkFun_APDS9960C1Ev                        
0000dc12  _ZN17SparkFun_APDS9960C2Ev                        
0000dc34  _ZN17SparkFun_APDS996017wireWriteDataByteEhh      
0000dc54  _c_int00_noargs                                   
0000dc70  _Z8solenoidh                                      
0000dc8a  _Z9isr_setupv                                     
0000dca4  _ZN17SparkFun_APDS996019setProxIntLowThreshEh     
0000dcbe  _ZN17SparkFun_APDS996020setGestureExitThreshEh    
0000dcd8  _ZN17SparkFun_APDS996020setProxIntHighThreshEh    
0000dcf2  _ZN17SparkFun_APDS996021setGestureEnterThreshEh   
0000dd0c  _ZN17SparkFun_APDS99607getModeEv                  
0000dd26  __sti___21_SparkFun_APDS9960_cpp_i2cwire          
0000dd40  _Z13uart_transmitPch                              
0000dd58  _ZN17SparkFun_APDS996011enablePowerEv             
0000dd70  _ZN17SparkFun_APDS996016wireReadDataByteEhRh      
0000dd86  __mspabi_divu                                     
0000dd86  __mspabi_remu                                     
0000dd9c  __TI_zero_init                                    
0000ddb0  memset                                            
0000ddc4  __mspabi_mpyi                                     
0000ddc4  __mspabi_mpyi_sw                                  
0000ddd8  __TI_decompress_none                              
0000ddea  __mspabi_srll                                     
0000ddfc  memcpy                                            
0000de0e  __mspabi_rlll                                     
0000de20  _Z6Port_2v                                        
0000de30  __mspabi_sral                                     
0000de40  __mspabi_func_epilog_7                            
0000de42  __mspabi_func_epilog_6                            
0000de44  __mspabi_func_epilog_5                            
0000de46  __mspabi_func_epilog_4                            
0000de48  __mspabi_func_epilog_3                            
0000de4a  __mspabi_func_epilog_2                            
0000de4c  __mspabi_func_epilog_1                            
0000de50  _Z9led_setupv                                     
0000de5a  _ZN10MSP430_I2CC1Ev                               
0000de5a  _ZN10MSP430_I2CC2Ev                               
0000de64  abs                                               
0000de6e  __cxa_ia64_exit                                   
0000de74  __TI_ISR_TRAP                                     
0000de7a  __TI_decompress_rle24                             
0000de80  _system_pre_init                                  
0000de84  C$$EXIT                                           
0000de84  abort                                             
0000de88  _ZN10MSP430_I2CD1Ev                               
0000de88  _ZN10MSP430_I2CD2Ev                               
0000de8a  _ZN17SparkFun_APDS9960D1Ev                        
0000de8a  _ZN17SparkFun_APDS9960D2Ev                        
0000de8c  _nop                                              
0000e17c  __TI_INITARRAY_Base                               
0000e180  __TI_INITARRAY_Limit                              
0000e190  __TI_Handler_Table_Base                           
0000e196  __TI_Handler_Table_Limit                          
0000e19a  __TI_CINIT_Base                                   
0000e1a2  __TI_CINIT_Limit                                  
0000ffe0  __TI_int00                                        
0000ffe4  __TI_int02                                        
0000ffe6  __TI_int03                                        
0000ffea  __TI_int05                                        
0000ffec  __TI_int06                                        
0000ffee  __TI_int07                                        
0000fff0  __TI_int08                                        
0000fff2  __TI_int09                                        
0000fff4  __TI_int10                                        
0000fff6  __TI_int11                                        
0000fff8  __TI_int12                                        
0000fffa  __TI_int13                                        
0000fffc  __TI_int14                                        
0000fffe  _reset_vector                                     
ffffffff  __binit__                                         
ffffffff  __c_args__                                        
ffffffff  binit                                             

[303 symbols]
