<?xml version="1.0"?>
<link_info>
   <banner>MSP430 Linker PC v4.4.5</banner>
   <copyright>Copyright (c) 2003-2015 Texas Instruments Incorporated</copyright>
   <link_time>0x56e5c077</link_time>
   <link_errors>0x0</link_errors>
   <output_file>Gesture_Lock.out</output_file>
   <entry_point>
      <name>_c_int00_noargs</name>
      <address>0xdc54</address>
   </entry_point>
   <input_file_list>
      <input_file id="fl-2">
         <path>.\Main_sandbox\</path>
         <kind>object</kind>
         <file>I2C.obj</file>
         <name>I2C.obj</name>
      </input_file>
      <input_file id="fl-3">
         <path>.\Main_sandbox\</path>
         <kind>object</kind>
         <file>SparkFun_APDS9960.obj</file>
         <name>SparkFun_APDS9960.obj</name>
      </input_file>
      <input_file id="fl-4">
         <path>.\Main_sandbox\</path>
         <kind>object</kind>
         <file>functions.obj</file>
         <name>functions.obj</name>
      </input_file>
      <input_file id="fl-5">
         <path>.\Main_sandbox\</path>
         <kind>object</kind>
         <file>main.obj</file>
         <name>main.obj</name>
      </input_file>
      <input_file id="fl-6">
         <path>.\Main_sandbox\</path>
         <kind>object</kind>
         <file>sha2.obj</file>
         <name>sha2.obj</name>
      </input_file>
      <input_file id="fl-35">
         <path>M:\ti\ccsv6\tools\compiler\ti-cgt-msp430_4.4.5\lib\</path>
         <kind>archive</kind>
         <file>rts430_eabi.lib</file>
         <name>abs.obj</name>
      </input_file>
      <input_file id="fl-36">
         <path>M:\ti\ccsv6\tools\compiler\ti-cgt-msp430_4.4.5\lib\</path>
         <kind>archive</kind>
         <file>rts430_eabi.lib</file>
         <name>asr16.obj</name>
      </input_file>
      <input_file id="fl-37">
         <path>M:\ti\ccsv6\tools\compiler\ti-cgt-msp430_4.4.5\lib\</path>
         <kind>archive</kind>
         <file>rts430_eabi.lib</file>
         <name>asr32.obj</name>
      </input_file>
      <input_file id="fl-38">
         <path>M:\ti\ccsv6\tools\compiler\ti-cgt-msp430_4.4.5\lib\</path>
         <kind>archive</kind>
         <file>rts430_eabi.lib</file>
         <name>boot.obj</name>
      </input_file>
      <input_file id="fl-39">
         <path>M:\ti\ccsv6\tools\compiler\ti-cgt-msp430_4.4.5\lib\</path>
         <kind>archive</kind>
         <file>rts430_eabi.lib</file>
         <name>boot_special.obj</name>
      </input_file>
      <input_file id="fl-3a">
         <path>M:\ti\ccsv6\tools\compiler\ti-cgt-msp430_4.4.5\lib\</path>
         <kind>archive</kind>
         <file>rts430_eabi.lib</file>
         <name>copy_decompress_none.obj</name>
      </input_file>
      <input_file id="fl-3b">
         <path>M:\ti\ccsv6\tools\compiler\ti-cgt-msp430_4.4.5\lib\</path>
         <kind>archive</kind>
         <file>rts430_eabi.lib</file>
         <name>copy_decompress_rle.obj</name>
      </input_file>
      <input_file id="fl-3c">
         <path>M:\ti\ccsv6\tools\compiler\ti-cgt-msp430_4.4.5\lib\</path>
         <kind>archive</kind>
         <file>rts430_eabi.lib</file>
         <name>copy_zero_init.obj</name>
      </input_file>
      <input_file id="fl-3d">
         <path>M:\ti\ccsv6\tools\compiler\ti-cgt-msp430_4.4.5\lib\</path>
         <kind>archive</kind>
         <file>rts430_eabi.lib</file>
         <name>div16s.obj</name>
      </input_file>
      <input_file id="fl-3e">
         <path>M:\ti\ccsv6\tools\compiler\ti-cgt-msp430_4.4.5\lib\</path>
         <kind>archive</kind>
         <file>rts430_eabi.lib</file>
         <name>div16u.obj</name>
      </input_file>
      <input_file id="fl-3f">
         <path>M:\ti\ccsv6\tools\compiler\ti-cgt-msp430_4.4.5\lib\</path>
         <kind>archive</kind>
         <file>rts430_eabi.lib</file>
         <name>dtor_list.obj</name>
      </input_file>
      <input_file id="fl-40">
         <path>M:\ti\ccsv6\tools\compiler\ti-cgt-msp430_4.4.5\lib\</path>
         <kind>archive</kind>
         <file>rts430_eabi.lib</file>
         <name>epilog.obj</name>
      </input_file>
      <input_file id="fl-41">
         <path>M:\ti\ccsv6\tools\compiler\ti-cgt-msp430_4.4.5\lib\</path>
         <kind>archive</kind>
         <file>rts430_eabi.lib</file>
         <name>exit.obj</name>
      </input_file>
      <input_file id="fl-42">
         <path>M:\ti\ccsv6\tools\compiler\ti-cgt-msp430_4.4.5\lib\</path>
         <kind>archive</kind>
         <file>rts430_eabi.lib</file>
         <name>exit_gvars.obj</name>
      </input_file>
      <input_file id="fl-43">
         <path>M:\ti\ccsv6\tools\compiler\ti-cgt-msp430_4.4.5\lib\</path>
         <kind>archive</kind>
         <file>rts430_eabi.lib</file>
         <name>int00.obj</name>
      </input_file>
      <input_file id="fl-44">
         <path>M:\ti\ccsv6\tools\compiler\ti-cgt-msp430_4.4.5\lib\</path>
         <kind>archive</kind>
         <file>rts430_eabi.lib</file>
         <name>int02.obj</name>
      </input_file>
      <input_file id="fl-45">
         <path>M:\ti\ccsv6\tools\compiler\ti-cgt-msp430_4.4.5\lib\</path>
         <kind>archive</kind>
         <file>rts430_eabi.lib</file>
         <name>int05.obj</name>
      </input_file>
      <input_file id="fl-46">
         <path>M:\ti\ccsv6\tools\compiler\ti-cgt-msp430_4.4.5\lib\</path>
         <kind>archive</kind>
         <file>rts430_eabi.lib</file>
         <name>int07.obj</name>
      </input_file>
      <input_file id="fl-47">
         <path>M:\ti\ccsv6\tools\compiler\ti-cgt-msp430_4.4.5\lib\</path>
         <kind>archive</kind>
         <file>rts430_eabi.lib</file>
         <name>int08.obj</name>
      </input_file>
      <input_file id="fl-48">
         <path>M:\ti\ccsv6\tools\compiler\ti-cgt-msp430_4.4.5\lib\</path>
         <kind>archive</kind>
         <file>rts430_eabi.lib</file>
         <name>int09.obj</name>
      </input_file>
      <input_file id="fl-49">
         <path>M:\ti\ccsv6\tools\compiler\ti-cgt-msp430_4.4.5\lib\</path>
         <kind>archive</kind>
         <file>rts430_eabi.lib</file>
         <name>int10.obj</name>
      </input_file>
      <input_file id="fl-4a">
         <path>M:\ti\ccsv6\tools\compiler\ti-cgt-msp430_4.4.5\lib\</path>
         <kind>archive</kind>
         <file>rts430_eabi.lib</file>
         <name>int11.obj</name>
      </input_file>
      <input_file id="fl-4b">
         <path>M:\ti\ccsv6\tools\compiler\ti-cgt-msp430_4.4.5\lib\</path>
         <kind>archive</kind>
         <file>rts430_eabi.lib</file>
         <name>int12.obj</name>
      </input_file>
      <input_file id="fl-4c">
         <path>M:\ti\ccsv6\tools\compiler\ti-cgt-msp430_4.4.5\lib\</path>
         <kind>archive</kind>
         <file>rts430_eabi.lib</file>
         <name>int13.obj</name>
      </input_file>
      <input_file id="fl-4d">
         <path>M:\ti\ccsv6\tools\compiler\ti-cgt-msp430_4.4.5\lib\</path>
         <kind>archive</kind>
         <file>rts430_eabi.lib</file>
         <name>int14.obj</name>
      </input_file>
      <input_file id="fl-4e">
         <path>M:\ti\ccsv6\tools\compiler\ti-cgt-msp430_4.4.5\lib\</path>
         <kind>archive</kind>
         <file>rts430_eabi.lib</file>
         <name>isr_trap.obj</name>
      </input_file>
      <input_file id="fl-4f">
         <path>M:\ti\ccsv6\tools\compiler\ti-cgt-msp430_4.4.5\lib\</path>
         <kind>archive</kind>
         <file>rts430_eabi.lib</file>
         <name>lsl16.obj</name>
      </input_file>
      <input_file id="fl-50">
         <path>M:\ti\ccsv6\tools\compiler\ti-cgt-msp430_4.4.5\lib\</path>
         <kind>archive</kind>
         <file>rts430_eabi.lib</file>
         <name>lsl32.obj</name>
      </input_file>
      <input_file id="fl-51">
         <path>M:\ti\ccsv6\tools\compiler\ti-cgt-msp430_4.4.5\lib\</path>
         <kind>archive</kind>
         <file>rts430_eabi.lib</file>
         <name>lsr32.obj</name>
      </input_file>
      <input_file id="fl-52">
         <path>M:\ti\ccsv6\tools\compiler\ti-cgt-msp430_4.4.5\lib\</path>
         <kind>archive</kind>
         <file>rts430_eabi.lib</file>
         <name>lsr64.obj</name>
      </input_file>
      <input_file id="fl-53">
         <path>M:\ti\ccsv6\tools\compiler\ti-cgt-msp430_4.4.5\lib\</path>
         <kind>archive</kind>
         <file>rts430_eabi.lib</file>
         <name>memcpy.obj</name>
      </input_file>
      <input_file id="fl-54">
         <path>M:\ti\ccsv6\tools\compiler\ti-cgt-msp430_4.4.5\lib\</path>
         <kind>archive</kind>
         <file>rts430_eabi.lib</file>
         <name>memory.obj</name>
      </input_file>
      <input_file id="fl-55">
         <path>M:\ti\ccsv6\tools\compiler\ti-cgt-msp430_4.4.5\lib\</path>
         <kind>archive</kind>
         <file>rts430_eabi.lib</file>
         <name>memset.obj</name>
      </input_file>
      <input_file id="fl-56">
         <path>M:\ti\ccsv6\tools\compiler\ti-cgt-msp430_4.4.5\lib\</path>
         <kind>archive</kind>
         <file>rts430_eabi.lib</file>
         <name>mpu_init.obj</name>
      </input_file>
      <input_file id="fl-57">
         <path>M:\ti\ccsv6\tools\compiler\ti-cgt-msp430_4.4.5\lib\</path>
         <kind>archive</kind>
         <file>rts430_eabi.lib</file>
         <name>mult16.obj</name>
      </input_file>
      <input_file id="fl-58">
         <path>M:\ti\ccsv6\tools\compiler\ti-cgt-msp430_4.4.5\lib\</path>
         <kind>archive</kind>
         <file>rts430_eabi.lib</file>
         <name>pre_init.obj</name>
      </input_file>
      <input_file id="fl-59">
         <path>M:\ti\ccsv6\tools\compiler\ti-cgt-msp430_4.4.5\lib\</path>
         <kind>archive</kind>
         <file>rts430_eabi.lib</file>
         <name>rotl32.obj</name>
      </input_file>
      <input_file id="fl-5a">
         <path>M:\ti\ccsv6\tools\compiler\ti-cgt-msp430_4.4.5\lib\</path>
         <kind>archive</kind>
         <file>rts430_eabi.lib</file>
         <name>_lock.obj</name>
      </input_file>
      <input_file id="fl-5b">
         <path>M:\ti\ccsv6\tools\compiler\ti-cgt-msp430_4.4.5\lib\</path>
         <kind>archive</kind>
         <file>rts430_eabi.lib</file>
         <name>args_main.obj</name>
      </input_file>
      <input_file id="fl-5c">
         <path>M:\ti\ccsv6\tools\compiler\ti-cgt-msp430_4.4.5\lib\</path>
         <kind>archive</kind>
         <file>rts430_eabi.lib</file>
         <name>autoinit.obj</name>
      </input_file>
   </input_file_list>
   <object_component_list>
      <object_component id="oc-183">
         <name>.bss</name>
         <uninitialized>true</uninitialized>
         <run_address>0x2ca</run_address>
         <size>0x1</size>
         <input_file_ref idref="fl-3"/>
      </object_component>
      <object_component id="oc-19c">
         <name>.bss</name>
         <uninitialized>true</uninitialized>
         <run_address>0x200</run_address>
         <size>0x96</size>
         <input_file_ref idref="fl-5"/>
      </object_component>
      <object_component id="oc-139">
         <name>.common:TXByteCtr</name>
         <uninitialized>true</uninitialized>
         <run_address>0x2ba</run_address>
         <size>0x2</size>
      </object_component>
      <object_component id="oc-13b">
         <name>.common:RXBlockCtr</name>
         <uninitialized>true</uninitialized>
         <run_address>0x2cb</run_address>
         <size>0x1</size>
      </object_component>
      <object_component id="oc-135">
         <name>.common:Rx</name>
         <uninitialized>true</uninitialized>
         <run_address>0x2b8</run_address>
         <size>0x2</size>
      </object_component>
      <object_component id="oc-13a">
         <name>.common:TXBytePtr</name>
         <uninitialized>true</uninitialized>
         <run_address>0x2bc</run_address>
         <size>0x2</size>
      </object_component>
      <object_component id="oc-13c">
         <name>.common:RXBytePtr</name>
         <uninitialized>true</uninitialized>
         <run_address>0x2b6</run_address>
         <size>0x2</size>
      </object_component>
      <object_component id="oc-12a">
         <name>.common:isr_flag</name>
         <uninitialized>true</uninitialized>
         <run_address>0x2cd</run_address>
         <size>0x1</size>
      </object_component>
      <object_component id="oc-16b">
         <name>.common:gValue</name>
         <uninitialized>true</uninitialized>
         <run_address>0x2cc</run_address>
         <size>0x1</size>
      </object_component>
      <object_component id="oc-158">
         <name>.common:passwordPTR</name>
         <uninitialized>true</uninitialized>
         <run_address>0x2c2</run_address>
         <size>0x2</size>
      </object_component>
      <object_component id="oc-154">
         <name>.common:pwd</name>
         <uninitialized>true</uninitialized>
         <run_address>0x2c4</run_address>
         <size>0x2</size>
      </object_component>
      <object_component id="oc-221">
         <name>.common:hash</name>
         <uninitialized>true</uninitialized>
         <run_address>0x296</run_address>
         <size>0x20</size>
      </object_component>
      <object_component id="oc-192">
         <name>.common:__dso_handle</name>
         <uninitialized>true</uninitialized>
         <run_address>0x2be</run_address>
         <size>0x2</size>
      </object_component>
      <object_component id="oc-2d1">
         <name>.common:sys_free</name>
         <uninitialized>true</uninitialized>
         <run_address>0x2c8</run_address>
         <size>0x2</size>
      </object_component>
      <object_component id="oc-397">
         <name>.common:sys_base</name>
         <uninitialized>true</uninitialized>
         <run_address>0x2c6</run_address>
         <size>0x2</size>
      </object_component>
      <object_component id="oc-396">
         <name>.common:memsize</name>
         <uninitialized>true</uninitialized>
         <run_address>0x2c0</run_address>
         <size>0x2</size>
      </object_component>
      <object_component id="oc-93">
         <name>.sysmem</name>
         <uninitialized>true</uninitialized>
         <run_address>0x2d0</run_address>
         <size>0x4</size>
         <input_file_ref idref="fl-54"/>
      </object_component>
      <object_component id="oc-42b">
         <name>.sysmem</name>
         <uninitialized>true</uninitialized>
         <run_address>0x2d0</run_address>
         <size>0x0</size>
      </object_component>
      <object_component id="oc-8f">
         <name>.stack</name>
         <uninitialized>true</uninitialized>
         <run_address>0x3b0</run_address>
         <size>0x2</size>
         <input_file_ref idref="fl-38"/>
      </object_component>
      <object_component id="oc-42a">
         <name>.stack</name>
         <uninitialized>true</uninitialized>
         <run_address>0x3b0</run_address>
         <size>0x0</size>
      </object_component>
      <object_component id="oc-389">
         <name>.text:_Z9shaHelperPmS_</name>
         <load_address>0xc000</load_address>
         <run_address>0xc000</run_address>
         <size>0x3b0</size>
         <input_file_ref idref="fl-6"/>
      </object_component>
      <object_component id="oc-276">
         <name>.text:_ZN17SparkFun_APDS99604initEv</name>
         <load_address>0xc3b0</load_address>
         <run_address>0xc3b0</run_address>
         <size>0x274</size>
         <input_file_ref idref="fl-3"/>
      </object_component>
      <object_component id="oc-29d">
         <name>.text:_ZN17SparkFun_APDS996018processGestureDataEv</name>
         <load_address>0xc624</load_address>
         <run_address>0xc624</run_address>
         <size>0x268</size>
         <input_file_ref idref="fl-3"/>
      </object_component>
      <object_component id="oc-2b0">
         <name>.text:_Z5SHA_2PmmS_s</name>
         <load_address>0xc88c</load_address>
         <run_address>0xc88c</run_address>
         <size>0x24a</size>
         <input_file_ref idref="fl-6"/>
      </object_component>
      <object_component id="oc-165">
         <name>.text:_Z13handleGesturev</name>
         <load_address>0xcad6</load_address>
         <run_address>0xcad6</run_address>
         <size>0x1be</size>
         <input_file_ref idref="fl-5"/>
      </object_component>
      <object_component id="oc-2a3">
         <name>.text:_ZN17SparkFun_APDS996013decodeGestureEv</name>
         <load_address>0xcc94</load_address>
         <run_address>0xcc94</run_address>
         <size>0x134</size>
         <input_file_ref idref="fl-3"/>
      </object_component>
      <object_component id="oc-21b">
         <name>.text:_ZN17SparkFun_APDS996011readGestureEv</name>
         <load_address>0xcdc8</load_address>
         <run_address>0xcdc8</run_address>
         <size>0x11a</size>
         <input_file_ref idref="fl-3"/>
      </object_component>
      <object_component id="oc-27c">
         <name>.text:_ZN17SparkFun_APDS996019enableGestureSensorEb</name>
         <load_address>0xcee2</load_address>
         <run_address>0xcee2</run_address>
         <size>0xca</size>
         <input_file_ref idref="fl-3"/>
      </object_component>
      <object_component id="oc-251">
         <name>.text:malloc</name>
         <load_address>0xcfac</load_address>
         <run_address>0xcfac</run_address>
         <size>0xae</size>
         <input_file_ref idref="fl-54"/>
      </object_component>
      <object_component id="oc-399">
         <name>.text:free</name>
         <load_address>0xd05a</load_address>
         <run_address>0xd05a</run_address>
         <size>0x80</size>
         <input_file_ref idref="fl-54"/>
      </object_component>
      <object_component id="oc-228">
         <name>.text:_Z10hash_printv</name>
         <load_address>0xd0da</load_address>
         <run_address>0xd0da</run_address>
         <size>0x7e</size>
         <input_file_ref idref="fl-5"/>
      </object_component>
      <object_component id="oc-bb">
         <name>.text:_Z13USCIAB0TX_ISRv</name>
         <load_address>0xd158</load_address>
         <run_address>0xd158</run_address>
         <size>0x7e</size>
         <input_file_ref idref="fl-2"/>
      </object_component>
      <object_component id="oc-2e2">
         <name>.text:_ZN17SparkFun_APDS99607setModeEhh</name>
         <load_address>0xd1d6</load_address>
         <run_address>0xd1d6</run_address>
         <size>0x6a</size>
         <input_file_ref idref="fl-3"/>
      </object_component>
      <object_component id="oc-231">
         <name>.text:_Z12hash_comparePKhh</name>
         <load_address>0xd240</load_address>
         <run_address>0xd240</run_address>
         <size>0x68</size>
         <input_file_ref idref="fl-5"/>
      </object_component>
      <object_component id="oc-a3">
         <name>.text:__TI_decompress_rle_core</name>
         <load_address>0xd2a8</load_address>
         <run_address>0xd2a8</run_address>
         <size>0x64</size>
         <input_file_ref idref="fl-3b"/>
      </object_component>
      <object_component id="oc-3da">
         <name>.text:l_lsr_const</name>
         <load_address>0xd30c</load_address>
         <run_address>0xd30c</run_address>
         <size>0x5c</size>
         <input_file_ref idref="fl-51"/>
      </object_component>
      <object_component id="oc-201">
         <name>.text:_Z13gesture_setupv</name>
         <load_address>0xd368</load_address>
         <run_address>0xd368</run_address>
         <size>0x5a</size>
         <input_file_ref idref="fl-5"/>
      </object_component>
      <object_component id="oc-ce">
         <name>.text:_auto_init</name>
         <load_address>0xd3c2</load_address>
         <run_address>0xd3c2</run_address>
         <size>0x58</size>
         <input_file_ref idref="fl-5c"/>
      </object_component>
      <object_component id="oc-e8">
         <name>.text:main</name>
         <load_address>0xd41a</load_address>
         <run_address>0xd41a</run_address>
         <size>0x58</size>
         <input_file_ref idref="fl-5"/>
      </object_component>
      <object_component id="oc-159">
         <name>.text:_Z5setupv</name>
         <load_address>0xd472</load_address>
         <run_address>0xd472</run_address>
         <size>0x54</size>
         <input_file_ref idref="fl-5"/>
      </object_component>
      <object_component id="oc-33d">
         <name>.text:_ZN17SparkFun_APDS996011setLEDBoostEh</name>
         <load_address>0xd4c6</load_address>
         <run_address>0xd4c6</run_address>
         <size>0x4e</size>
         <input_file_ref idref="fl-3"/>
      </object_component>
      <object_component id="oc-2ee">
         <name>.text:_ZN17SparkFun_APDS996011setLEDDriveEh</name>
         <load_address>0xd514</load_address>
         <run_address>0xd514</run_address>
         <size>0x4e</size>
         <input_file_ref idref="fl-3"/>
      </object_component>
      <object_component id="oc-324">
         <name>.text:_ZN17SparkFun_APDS996014setGestureGainEh</name>
         <load_address>0xd562</load_address>
         <run_address>0xd562</run_address>
         <size>0x4e</size>
         <input_file_ref idref="fl-3"/>
      </object_component>
      <object_component id="oc-2d3">
         <name>.text:__cxa_finalize</name>
         <load_address>0xd5b0</load_address>
         <run_address>0xd5b0</run_address>
         <size>0x4e</size>
         <input_file_ref idref="fl-3f"/>
      </object_component>
      <object_component id="oc-195">
         <name>.text:_Z11__TI_atexitPFYvPvES_S_</name>
         <load_address>0xd5fe</load_address>
         <run_address>0xd5fe</run_address>
         <size>0x4c</size>
         <input_file_ref idref="fl-3f"/>
      </object_component>
      <object_component id="oc-359">
         <name>.text:_ZN10MSP430_I2C12receiveBlockEhPhhh</name>
         <load_address>0xd64a</load_address>
         <run_address>0xd64a</run_address>
         <size>0x4c</size>
         <input_file_ref idref="fl-2"/>
      </object_component>
      <object_component id="oc-32a">
         <name>.text:_ZN17SparkFun_APDS996018setGestureLEDDriveEh</name>
         <load_address>0xd696</load_address>
         <run_address>0xd696</run_address>
         <size>0x4c</size>
         <input_file_ref idref="fl-3"/>
      </object_component>
      <object_component id="oc-2f4">
         <name>.text:_ZN17SparkFun_APDS996016setProximityGainEh</name>
         <load_address>0xd6e2</load_address>
         <run_address>0xd6e2</run_address>
         <size>0x4a</size>
         <input_file_ref idref="fl-3"/>
      </object_component>
      <object_component id="oc-351">
         <name>.text:_ZN10MSP430_I2C11receiveByteEPhhh</name>
         <load_address>0xd72c</load_address>
         <run_address>0xd72c</run_address>
         <size>0x46</size>
         <input_file_ref idref="fl-2"/>
      </object_component>
      <object_component id="oc-330">
         <name>.text:_ZN17SparkFun_APDS996018setGestureWaitTimeEh</name>
         <load_address>0xd772</load_address>
         <run_address>0xd772</run_address>
         <size>0x46</size>
         <input_file_ref idref="fl-3"/>
      </object_component>
      <object_component id="oc-2fa">
         <name>.text:_ZN17SparkFun_APDS996019setAmbientLightGainEh</name>
         <load_address>0xd7b8</load_address>
         <run_address>0xd7b8</run_address>
         <size>0x46</size>
         <input_file_ref idref="fl-3"/>
      </object_component>
      <object_component id="oc-336">
         <name>.text:_ZN17SparkFun_APDS996019setGestureIntEnableEh</name>
         <load_address>0xd7fe</load_address>
         <run_address>0xd7fe</run_address>
         <size>0x44</size>
         <input_file_ref idref="fl-3"/>
      </object_component>
      <object_component id="oc-379">
         <name>.text:__mspabi_srlll</name>
         <load_address>0xd842</load_address>
         <run_address>0xd842</run_address>
         <size>0x44</size>
         <input_file_ref idref="fl-52"/>
      </object_component>
      <object_component id="oc-343">
         <name>.text:_ZN17SparkFun_APDS996014setGestureModeEh</name>
         <load_address>0xd886</load_address>
         <run_address>0xd886</run_address>
         <size>0x42</size>
         <input_file_ref idref="fl-3"/>
      </object_component>
      <object_component id="oc-284">
         <name>.text:l_lsl_const</name>
         <load_address>0xd8c8</load_address>
         <run_address>0xd8c8</run_address>
         <size>0x3e</size>
         <input_file_ref idref="fl-50"/>
      </object_component>
      <object_component id="oc-30c">
         <name>.text:_ZN17SparkFun_APDS996023setLightIntLowThresholdEj</name>
         <load_address>0xd906</load_address>
         <run_address>0xd906</run_address>
         <size>0x3a</size>
         <input_file_ref idref="fl-3"/>
      </object_component>
      <object_component id="oc-312">
         <name>.text:_ZN17SparkFun_APDS996024setLightIntHighThresholdEj</name>
         <load_address>0xd940</load_address>
         <run_address>0xd940</run_address>
         <size>0x3a</size>
         <input_file_ref idref="fl-3"/>
      </object_component>
      <object_component id="oc-15f">
         <name>.text:_Z9blink_LEDhm</name>
         <load_address>0xd97a</load_address>
         <run_address>0xd97a</run_address>
         <size>0x38</size>
         <input_file_ref idref="fl-4"/>
      </object_component>
      <object_component id="oc-2cb">
         <name>.text:minit</name>
         <load_address>0xd9b2</load_address>
         <run_address>0xd9b2</run_address>
         <size>0x38</size>
         <input_file_ref idref="fl-54"/>
      </object_component>
      <object_component id="oc-20e">
         <name>.text:_Z9wait_timem</name>
         <load_address>0xd9ea</load_address>
         <run_address>0xd9ea</run_address>
         <size>0x32</size>
         <input_file_ref idref="fl-4"/>
      </object_component>
      <object_component id="oc-2dc">
         <name>.text:_ZN10MSP430_I2C4initEv</name>
         <load_address>0xda1c</load_address>
         <run_address>0xda1c</run_address>
         <size>0x32</size>
         <input_file_ref idref="fl-2"/>
      </object_component>
      <object_component id="oc-102">
         <name>.text:__sti___8_main_cpp_Wire</name>
         <load_address>0xda4e</load_address>
         <run_address>0xda4e</run_address>
         <size>0x32</size>
         <input_file_ref idref="fl-5"/>
      </object_component>
      <object_component id="oc-3c7">
         <name>.text</name>
         <load_address>0xda80</load_address>
         <run_address>0xda80</run_address>
         <size>0x2c</size>
         <input_file_ref idref="fl-36"/>
      </object_component>
      <object_component id="oc-365">
         <name>.text</name>
         <load_address>0xdaac</load_address>
         <run_address>0xdaac</run_address>
         <size>0x2c</size>
         <input_file_ref idref="fl-3d"/>
      </object_component>
      <object_component id="oc-384">
         <name>.text</name>
         <load_address>0xdad8</load_address>
         <run_address>0xdad8</run_address>
         <size>0x2c</size>
         <input_file_ref idref="fl-4f"/>
      </object_component>
      <object_component id="oc-2a9">
         <name>.text:_ZN17SparkFun_APDS996022resetGestureParametersEv</name>
         <load_address>0xdb04</load_address>
         <run_address>0xdb04</run_address>
         <size>0x2a</size>
         <input_file_ref idref="fl-3"/>
      </object_component>
      <object_component id="oc-da">
         <name>.text:exit</name>
         <load_address>0xdb2e</load_address>
         <run_address>0xdb2e</run_address>
         <size>0x2a</size>
         <input_file_ref idref="fl-41"/>
      </object_component>
      <object_component id="oc-1fa">
         <name>.text:_Z10uart_setupv</name>
         <load_address>0xdb58</load_address>
         <run_address>0xdb58</run_address>
         <size>0x28</size>
         <input_file_ref idref="fl-5"/>
      </object_component>
      <object_component id="oc-3a2">
         <name>.text:_ZN10MSP430_I2C8transmitEhPhh</name>
         <load_address>0xdb80</load_address>
         <run_address>0xdb80</run_address>
         <size>0x26</size>
         <input_file_ref idref="fl-2"/>
      </object_component>
      <object_component id="oc-215">
         <name>.text:_ZN17SparkFun_APDS996018isGestureAvailableEv</name>
         <load_address>0xdba6</load_address>
         <run_address>0xdba6</run_address>
         <size>0x26</size>
         <input_file_ref idref="fl-3"/>
      </object_component>
      <object_component id="oc-222">
         <name>.text:_Z9SHA2_hashPmS_</name>
         <load_address>0xdbcc</load_address>
         <run_address>0xdbcc</run_address>
         <size>0x24</size>
         <input_file_ref idref="fl-5"/>
      </object_component>
      <object_component id="oc-297">
         <name>.text:_ZN17SparkFun_APDS996017wireReadDataBlockEhPhj</name>
         <load_address>0xdbf0</load_address>
         <run_address>0xdbf0</run_address>
         <size>0x22</size>
         <input_file_ref idref="fl-3"/>
      </object_component>
      <object_component id="oc-19f">
         <name>.text:_ZN17SparkFun_APDS9960C1Ev</name>
         <load_address>0xdc12</load_address>
         <run_address>0xdc12</run_address>
         <size>0x22</size>
         <input_file_ref idref="fl-3"/>
      </object_component>
      <object_component id="oc-2e8">
         <name>.text:_ZN17SparkFun_APDS996017wireWriteDataByteEhh</name>
         <load_address>0xdc34</load_address>
         <run_address>0xdc34</run_address>
         <size>0x20</size>
         <input_file_ref idref="fl-3"/>
      </object_component>
      <object_component id="oc-5d">
         <name>.text:_c_int00_noargs</name>
         <load_address>0xdc54</load_address>
         <run_address>0xdc54</run_address>
         <size>0x1c</size>
         <input_file_ref idref="fl-39"/>
      </object_component>
      <object_component id="oc-2bf">
         <name>.text:_Z8solenoidh</name>
         <load_address>0xdc70</load_address>
         <run_address>0xdc70</run_address>
         <size>0x1a</size>
         <input_file_ref idref="fl-5"/>
      </object_component>
      <object_component id="oc-207">
         <name>.text:_Z9isr_setupv</name>
         <load_address>0xdc8a</load_address>
         <run_address>0xdc8a</run_address>
         <size>0x1a</size>
         <input_file_ref idref="fl-5"/>
      </object_component>
      <object_component id="oc-300">
         <name>.text:_ZN17SparkFun_APDS996019setProxIntLowThreshEh</name>
         <load_address>0xdca4</load_address>
         <run_address>0xdca4</run_address>
         <size>0x1a</size>
         <input_file_ref idref="fl-3"/>
      </object_component>
      <object_component id="oc-31e">
         <name>.text:_ZN17SparkFun_APDS996020setGestureExitThreshEh</name>
         <load_address>0xdcbe</load_address>
         <run_address>0xdcbe</run_address>
         <size>0x1a</size>
         <input_file_ref idref="fl-3"/>
      </object_component>
      <object_component id="oc-306">
         <name>.text:_ZN17SparkFun_APDS996020setProxIntHighThreshEh</name>
         <load_address>0xdcd8</load_address>
         <run_address>0xdcd8</run_address>
         <size>0x1a</size>
         <input_file_ref idref="fl-3"/>
      </object_component>
      <object_component id="oc-318">
         <name>.text:_ZN17SparkFun_APDS996021setGestureEnterThreshEh</name>
         <load_address>0xdcf2</load_address>
         <run_address>0xdcf2</run_address>
         <size>0x1a</size>
         <input_file_ref idref="fl-3"/>
      </object_component>
      <object_component id="oc-291">
         <name>.text:_ZN17SparkFun_APDS99607getModeEv</name>
         <load_address>0xdd0c</load_address>
         <run_address>0xdd0c</run_address>
         <size>0x1a</size>
         <input_file_ref idref="fl-3"/>
      </object_component>
      <object_component id="oc-fc">
         <name>.text:__sti___21_SparkFun_APDS9960_cpp_i2cwire</name>
         <load_address>0xdd26</load_address>
         <run_address>0xdd26</run_address>
         <size>0x1a</size>
         <input_file_ref idref="fl-3"/>
      </object_component>
      <object_component id="oc-16c">
         <name>.text:_Z13uart_transmitPch</name>
         <load_address>0xdd40</load_address>
         <run_address>0xdd40</run_address>
         <size>0x18</size>
         <input_file_ref idref="fl-4"/>
      </object_component>
      <object_component id="oc-349">
         <name>.text:_ZN17SparkFun_APDS996011enablePowerEv</name>
         <load_address>0xdd58</load_address>
         <run_address>0xdd58</run_address>
         <size>0x18</size>
         <input_file_ref idref="fl-3"/>
      </object_component>
      <object_component id="oc-28a">
         <name>.text:_ZN17SparkFun_APDS996016wireReadDataByteEhRh</name>
         <load_address>0xdd70</load_address>
         <run_address>0xdd70</run_address>
         <size>0x16</size>
         <input_file_ref idref="fl-3"/>
      </object_component>
      <object_component id="oc-3bc">
         <name>.text</name>
         <load_address>0xdd86</load_address>
         <run_address>0xdd86</run_address>
         <size>0x16</size>
         <input_file_ref idref="fl-3e"/>
      </object_component>
      <object_component id="oc-4b">
         <name>.text:decompress:ZI:__TI_zero_init</name>
         <load_address>0xdd9c</load_address>
         <run_address>0xdd9c</run_address>
         <size>0x14</size>
         <input_file_ref idref="fl-3c"/>
      </object_component>
      <object_component id="oc-3cf">
         <name>.text:memset</name>
         <load_address>0xddb0</load_address>
         <run_address>0xddb0</run_address>
         <size>0x14</size>
         <input_file_ref idref="fl-55"/>
      </object_component>
      <object_component id="oc-360">
         <name>.text</name>
         <load_address>0xddc4</load_address>
         <run_address>0xddc4</run_address>
         <size>0x14</size>
         <input_file_ref idref="fl-57"/>
      </object_component>
      <object_component id="oc-32">
         <name>.text:decompress:none:__TI_decompress_none</name>
         <load_address>0xddd8</load_address>
         <run_address>0xddd8</run_address>
         <size>0x12</size>
         <input_file_ref idref="fl-3a"/>
      </object_component>
      <object_component id="oc-2b7">
         <name>.text:l_lsr</name>
         <load_address>0xddea</load_address>
         <run_address>0xddea</run_address>
         <size>0x12</size>
         <input_file_ref idref="fl-51"/>
      </object_component>
      <object_component id="oc-96">
         <name>.text:memcpy</name>
         <load_address>0xddfc</load_address>
         <run_address>0xddfc</run_address>
         <size>0x12</size>
         <input_file_ref idref="fl-53"/>
      </object_component>
      <object_component id="oc-3d5">
         <name>.text</name>
         <load_address>0xde0e</load_address>
         <run_address>0xde0e</run_address>
         <size>0x12</size>
         <input_file_ref idref="fl-59"/>
      </object_component>
      <object_component id="oc-b5">
         <name>.text:_Z6Port_2v</name>
         <load_address>0xde20</load_address>
         <run_address>0xde20</run_address>
         <size>0x10</size>
         <input_file_ref idref="fl-4"/>
      </object_component>
      <object_component id="oc-37f">
         <name>.text:l_asr</name>
         <load_address>0xde30</load_address>
         <run_address>0xde30</run_address>
         <size>0x10</size>
         <input_file_ref idref="fl-37"/>
      </object_component>
      <object_component id="oc-121">
         <name>.text</name>
         <load_address>0xde40</load_address>
         <run_address>0xde40</run_address>
         <size>0x10</size>
         <input_file_ref idref="fl-40"/>
      </object_component>
      <object_component id="oc-1f4">
         <name>.text:_Z9led_setupv</name>
         <load_address>0xde50</load_address>
         <run_address>0xde50</run_address>
         <size>0xa</size>
         <input_file_ref idref="fl-5"/>
      </object_component>
      <object_component id="oc-186">
         <name>.text:_ZN10MSP430_I2CC1Ev</name>
         <load_address>0xde5a</load_address>
         <run_address>0xde5a</run_address>
         <size>0xa</size>
         <input_file_ref idref="fl-2"/>
      </object_component>
      <object_component id="oc-36a">
         <name>.text:abs</name>
         <load_address>0xde64</load_address>
         <run_address>0xde64</run_address>
         <size>0xa</size>
         <input_file_ref idref="fl-35"/>
      </object_component>
      <object_component id="oc-257">
         <name>.text:__cxa_ia64_exit</name>
         <load_address>0xde6e</load_address>
         <run_address>0xde6e</run_address>
         <size>0x6</size>
         <input_file_ref idref="fl-3f"/>
      </object_component>
      <object_component id="oc-b0">
         <name>.text:_isr:__TI_ISR_TRAP</name>
         <load_address>0xde74</load_address>
         <run_address>0xde74</run_address>
         <size>0x6</size>
         <input_file_ref idref="fl-4e"/>
      </object_component>
      <object_component id="oc-38">
         <name>.text:decompress:rle24:__TI_decompress_rle24</name>
         <load_address>0xde7a</load_address>
         <run_address>0xde7a</run_address>
         <size>0x6</size>
         <input_file_ref idref="fl-3b"/>
      </object_component>
      <object_component id="oc-c8">
         <name>.text:_system_pre_init</name>
         <load_address>0xde80</load_address>
         <run_address>0xde80</run_address>
         <size>0x4</size>
         <input_file_ref idref="fl-58"/>
      </object_component>
      <object_component id="oc-f0">
         <name>.text:abort</name>
         <load_address>0xde84</load_address>
         <run_address>0xde84</run_address>
         <size>0x4</size>
         <input_file_ref idref="fl-41"/>
      </object_component>
      <object_component id="oc-18c">
         <name>.text:_ZN10MSP430_I2CD1Ev</name>
         <load_address>0xde88</load_address>
         <run_address>0xde88</run_address>
         <size>0x2</size>
         <input_file_ref idref="fl-2"/>
      </object_component>
      <object_component id="oc-1a5">
         <name>.text:_ZN17SparkFun_APDS9960D1Ev</name>
         <load_address>0xde8a</load_address>
         <run_address>0xde8a</run_address>
         <size>0x2</size>
         <input_file_ref idref="fl-3"/>
      </object_component>
      <object_component id="oc-1e0">
         <name>.text:_nop</name>
         <load_address>0xde8c</load_address>
         <run_address>0xde8c</run_address>
         <size>0x2</size>
         <input_file_ref idref="fl-5a"/>
      </object_component>
      <object_component id="oc-429">
         <name>.cinit..data.load</name>
         <load_address>0xe180</load_address>
         <run_address>0xe180</run_address>
         <size>0x10</size>
      </object_component>
      <object_component id="oc-426">
         <name>__TI_handler_table</name>
         <load_address>0xe190</load_address>
         <run_address>0xe190</run_address>
         <size>0x6</size>
      </object_component>
      <object_component id="oc-428">
         <name>.cinit..bss.load</name>
         <load_address>0xe196</load_address>
         <run_address>0xe196</run_address>
         <size>0x4</size>
      </object_component>
      <object_component id="oc-427">
         <name>__TI_cinit_table</name>
         <load_address>0xe19a</load_address>
         <run_address>0xe19a</run_address>
         <size>0x8</size>
      </object_component>
      <object_component id="oc-200">
         <name>.const:.string</name>
         <load_address>0xde8e</load_address>
         <run_address>0xde8e</run_address>
         <size>0x11c</size>
         <input_file_ref idref="fl-5"/>
      </object_component>
      <object_component id="oc-3df">
         <name>.const:K256</name>
         <load_address>0xdfaa</load_address>
         <run_address>0xdfaa</run_address>
         <size>0x100</size>
         <input_file_ref idref="fl-6"/>
      </object_component>
      <object_component id="oc-22e">
         <name>.const:.string:pwd1</name>
         <load_address>0xe0aa</load_address>
         <run_address>0xe0aa</run_address>
         <size>0x41</size>
         <input_file_ref idref="fl-5"/>
      </object_component>
      <object_component id="oc-237">
         <name>.const:.string:pwd2</name>
         <load_address>0xe0ec</load_address>
         <run_address>0xe0ec</run_address>
         <size>0x41</size>
         <input_file_ref idref="fl-5"/>
      </object_component>
      <object_component id="oc-376">
         <name>.const:Initial_Hash</name>
         <load_address>0xe12e</load_address>
         <run_address>0xe12e</run_address>
         <size>0x20</size>
         <input_file_ref idref="fl-6"/>
      </object_component>
      <object_component id="oc-373">
         <name>.const:Initial_Hash_224</name>
         <load_address>0xe14e</load_address>
         <run_address>0xe14e</run_address>
         <size>0x20</size>
         <input_file_ref idref="fl-6"/>
      </object_component>
      <object_component id="oc-155">
         <name>.const</name>
         <load_address>0xe16e</load_address>
         <run_address>0xe16e</run_address>
         <size>0xd</size>
         <input_file_ref idref="fl-5"/>
      </object_component>
      <object_component id="oc-8d">
         <name>.init_array</name>
         <load_address>0xe17c</load_address>
         <run_address>0xe17c</run_address>
         <size>0x2</size>
         <input_file_ref idref="fl-3"/>
      </object_component>
      <object_component id="oc-8e">
         <name>.init_array</name>
         <load_address>0xe17e</load_address>
         <run_address>0xe17e</run_address>
         <size>0x2</size>
         <input_file_ref idref="fl-5"/>
      </object_component>
      <object_component id="oc-3e">
         <name>.int00</name>
         <load_address>0xffe0</load_address>
         <run_address>0xffe0</run_address>
         <size>0x2</size>
         <input_file_ref idref="fl-43"/>
      </object_component>
      <object_component id="oc-3f">
         <name>.int02</name>
         <load_address>0xffe4</load_address>
         <run_address>0xffe4</run_address>
         <size>0x2</size>
         <input_file_ref idref="fl-44"/>
      </object_component>
      <object_component id="oc-40">
         <name>.int03</name>
         <load_address>0xffe6</load_address>
         <run_address>0xffe6</run_address>
         <size>0x2</size>
         <input_file_ref idref="fl-4"/>
      </object_component>
      <object_component id="oc-41">
         <name>.int05</name>
         <load_address>0xffea</load_address>
         <run_address>0xffea</run_address>
         <size>0x2</size>
         <input_file_ref idref="fl-45"/>
      </object_component>
      <object_component id="oc-42">
         <name>.int06</name>
         <load_address>0xffec</load_address>
         <run_address>0xffec</run_address>
         <size>0x2</size>
         <input_file_ref idref="fl-2"/>
      </object_component>
      <object_component id="oc-43">
         <name>.int07</name>
         <load_address>0xffee</load_address>
         <run_address>0xffee</run_address>
         <size>0x2</size>
         <input_file_ref idref="fl-46"/>
      </object_component>
      <object_component id="oc-44">
         <name>.int08</name>
         <load_address>0xfff0</load_address>
         <run_address>0xfff0</run_address>
         <size>0x2</size>
         <input_file_ref idref="fl-47"/>
      </object_component>
      <object_component id="oc-45">
         <name>.int09</name>
         <load_address>0xfff2</load_address>
         <run_address>0xfff2</run_address>
         <size>0x2</size>
         <input_file_ref idref="fl-48"/>
      </object_component>
      <object_component id="oc-46">
         <name>.int10</name>
         <load_address>0xfff4</load_address>
         <run_address>0xfff4</run_address>
         <size>0x2</size>
         <input_file_ref idref="fl-49"/>
      </object_component>
      <object_component id="oc-47">
         <name>.int11</name>
         <load_address>0xfff6</load_address>
         <run_address>0xfff6</run_address>
         <size>0x2</size>
         <input_file_ref idref="fl-4a"/>
      </object_component>
      <object_component id="oc-48">
         <name>.int12</name>
         <load_address>0xfff8</load_address>
         <run_address>0xfff8</run_address>
         <size>0x2</size>
         <input_file_ref idref="fl-4b"/>
      </object_component>
      <object_component id="oc-49">
         <name>.int13</name>
         <load_address>0xfffa</load_address>
         <run_address>0xfffa</run_address>
         <size>0x2</size>
         <input_file_ref idref="fl-4c"/>
      </object_component>
      <object_component id="oc-4a">
         <name>.int14</name>
         <load_address>0xfffc</load_address>
         <run_address>0xfffc</run_address>
         <size>0x2</size>
         <input_file_ref idref="fl-4d"/>
      </object_component>
      <object_component id="oc-92">
         <name>.reset</name>
         <load_address>0xfffe</load_address>
         <run_address>0xfffe</run_address>
         <size>0x2</size>
         <input_file_ref idref="fl-38"/>
      </object_component>
      <object_component id="oc-25d">
         <name>.data</name>
         <load_address>0x328</load_address>
         <run_address>0x328</run_address>
         <size>0x2</size>
         <input_file_ref idref="fl-3f"/>
      </object_component>
      <object_component id="oc-14b">
         <name>.data:__TI_cleanup_ptr</name>
         <load_address>0x320</load_address>
         <run_address>0x320</run_address>
         <size>0x2</size>
         <input_file_ref idref="fl-42"/>
      </object_component>
      <object_component id="oc-148">
         <name>.data:__TI_dtors_ptr</name>
         <load_address>0x322</load_address>
         <run_address>0x322</run_address>
         <size>0x2</size>
         <input_file_ref idref="fl-42"/>
      </object_component>
      <object_component id="oc-2c8">
         <name>.data</name>
         <load_address>0x32a</load_address>
         <run_address>0x32a</run_address>
         <size>0x2</size>
         <input_file_ref idref="fl-54"/>
      </object_component>
      <object_component id="oc-145">
         <name>.data:_lock</name>
         <load_address>0x324</load_address>
         <run_address>0x324</run_address>
         <size>0x2</size>
         <input_file_ref idref="fl-5a"/>
      </object_component>
      <object_component id="oc-14e">
         <name>.data:_unlock</name>
         <load_address>0x326</load_address>
         <run_address>0x326</run_address>
         <size>0x2</size>
         <input_file_ref idref="fl-5a"/>
      </object_component>
      <object_component id="oc-136">
         <name>.debug_info</name>
         <load_address>0x0</load_address>
         <run_address>0x0</run_address>
         <size>0x45a</size>
         <input_file_ref idref="fl-2"/>
      </object_component>
      <object_component id="oc-bc">
         <name>.debug_info</name>
         <load_address>0x45a</load_address>
         <run_address>0x45a</run_address>
         <size>0x139</size>
         <input_file_ref idref="fl-2"/>
      </object_component>
      <object_component id="oc-187">
         <name>.debug_info</name>
         <load_address>0x593</load_address>
         <run_address>0x593</run_address>
         <size>0x14a</size>
         <input_file_ref idref="fl-2"/>
      </object_component>
      <object_component id="oc-18d">
         <name>.debug_info</name>
         <load_address>0x6dd</load_address>
         <run_address>0x6dd</run_address>
         <size>0x14b</size>
         <input_file_ref idref="fl-2"/>
      </object_component>
      <object_component id="oc-2df">
         <name>.debug_info</name>
         <load_address>0x828</load_address>
         <run_address>0x828</run_address>
         <size>0x147</size>
         <input_file_ref idref="fl-2"/>
      </object_component>
      <object_component id="oc-3a3">
         <name>.debug_info</name>
         <load_address>0x96f</load_address>
         <run_address>0x96f</run_address>
         <size>0x1fc</size>
         <input_file_ref idref="fl-2"/>
      </object_component>
      <object_component id="oc-352">
         <name>.debug_info</name>
         <load_address>0xb6b</load_address>
         <run_address>0xb6b</run_address>
         <size>0x22c</size>
         <input_file_ref idref="fl-2"/>
      </object_component>
      <object_component id="oc-35b">
         <name>.debug_info</name>
         <load_address>0xd97</load_address>
         <run_address>0xd97</run_address>
         <size>0x24e</size>
         <input_file_ref idref="fl-2"/>
      </object_component>
      <object_component id="oc-1b8">
         <name>.debug_info</name>
         <load_address>0xfe5</load_address>
         <run_address>0xfe5</run_address>
         <size>0xe7</size>
         <input_file_ref idref="fl-2"/>
      </object_component>
      <object_component id="oc-10a">
         <name>.debug_info</name>
         <load_address>0x10cc</load_address>
         <run_address>0x10cc</run_address>
         <size>0x84</size>
         <input_file_ref idref="fl-2"/>
      </object_component>
      <object_component id="oc-178">
         <name>.debug_info</name>
         <load_address>0x1150</load_address>
         <run_address>0x1150</run_address>
         <size>0x18b</size>
         <input_file_ref idref="fl-2"/>
      </object_component>
      <object_component id="oc-12b">
         <name>.debug_info</name>
         <load_address>0x12db</load_address>
         <run_address>0x12db</run_address>
         <size>0x6f2</size>
         <input_file_ref idref="fl-3"/>
      </object_component>
      <object_component id="oc-184">
         <name>.debug_info</name>
         <load_address>0x19cd</load_address>
         <run_address>0x19cd</run_address>
         <size>0xef</size>
         <input_file_ref idref="fl-3"/>
      </object_component>
      <object_component id="oc-1a0">
         <name>.debug_info</name>
         <load_address>0x1abc</load_address>
         <run_address>0x1abc</run_address>
         <size>0x193</size>
         <input_file_ref idref="fl-3"/>
      </object_component>
      <object_component id="oc-1a6">
         <name>.debug_info</name>
         <load_address>0x1c4f</load_address>
         <run_address>0x1c4f</run_address>
         <size>0x183</size>
         <input_file_ref idref="fl-3"/>
      </object_component>
      <object_component id="oc-277">
         <name>.debug_info</name>
         <load_address>0x1dd2</load_address>
         <run_address>0x1dd2</run_address>
         <size>0x7de</size>
         <input_file_ref idref="fl-3"/>
      </object_component>
      <object_component id="oc-292">
         <name>.debug_info</name>
         <load_address>0x25b0</load_address>
         <run_address>0x25b0</run_address>
         <size>0x1d6</size>
         <input_file_ref idref="fl-3"/>
      </object_component>
      <object_component id="oc-2e3">
         <name>.debug_info</name>
         <load_address>0x2786</load_address>
         <run_address>0x2786</run_address>
         <size>0x275</size>
         <input_file_ref idref="fl-3"/>
      </object_component>
      <object_component id="oc-34a">
         <name>.debug_info</name>
         <load_address>0x29fb</load_address>
         <run_address>0x29fb</run_address>
         <size>0x1b2</size>
         <input_file_ref idref="fl-3"/>
      </object_component>
      <object_component id="oc-27d">
         <name>.debug_info</name>
         <load_address>0x2bad</load_address>
         <run_address>0x2bad</run_address>
         <size>0x3e7</size>
         <input_file_ref idref="fl-3"/>
      </object_component>
      <object_component id="oc-2ef">
         <name>.debug_info</name>
         <load_address>0x2f94</load_address>
         <run_address>0x2f94</run_address>
         <size>0x24d</size>
         <input_file_ref idref="fl-3"/>
      </object_component>
      <object_component id="oc-32b">
         <name>.debug_info</name>
         <load_address>0x31e1</load_address>
         <run_address>0x31e1</run_address>
         <size>0x245</size>
         <input_file_ref idref="fl-3"/>
      </object_component>
      <object_component id="oc-2fb">
         <name>.debug_info</name>
         <load_address>0x3426</load_address>
         <run_address>0x3426</run_address>
         <size>0x247</size>
         <input_file_ref idref="fl-3"/>
      </object_component>
      <object_component id="oc-2f5">
         <name>.debug_info</name>
         <load_address>0x366d</load_address>
         <run_address>0x366d</run_address>
         <size>0x241</size>
         <input_file_ref idref="fl-3"/>
      </object_component>
      <object_component id="oc-325">
         <name>.debug_info</name>
         <load_address>0x38ae</load_address>
         <run_address>0x38ae</run_address>
         <size>0x24f</size>
         <input_file_ref idref="fl-3"/>
      </object_component>
      <object_component id="oc-30d">
         <name>.debug_info</name>
         <load_address>0x3afd</load_address>
         <run_address>0x3afd</run_address>
         <size>0x27f</size>
         <input_file_ref idref="fl-3"/>
      </object_component>
      <object_component id="oc-313">
         <name>.debug_info</name>
         <load_address>0x3d7c</load_address>
         <run_address>0x3d7c</run_address>
         <size>0x281</size>
         <input_file_ref idref="fl-3"/>
      </object_component>
      <object_component id="oc-337">
         <name>.debug_info</name>
         <load_address>0x3ffd</load_address>
         <run_address>0x3ffd</run_address>
         <size>0x24b</size>
         <input_file_ref idref="fl-3"/>
      </object_component>
      <object_component id="oc-216">
         <name>.debug_info</name>
         <load_address>0x4248</load_address>
         <run_address>0x4248</run_address>
         <size>0x1db</size>
         <input_file_ref idref="fl-3"/>
      </object_component>
      <object_component id="oc-21c">
         <name>.debug_info</name>
         <load_address>0x4423</load_address>
         <run_address>0x4423</run_address>
         <size>0x40d</size>
         <input_file_ref idref="fl-3"/>
      </object_component>
      <object_component id="oc-2aa">
         <name>.debug_info</name>
         <load_address>0x4830</load_address>
         <run_address>0x4830</run_address>
         <size>0x1b1</size>
         <input_file_ref idref="fl-3"/>
      </object_component>
      <object_component id="oc-29e">
         <name>.debug_info</name>
         <load_address>0x49e1</load_address>
         <run_address>0x49e1</run_address>
         <size>0x3cc</size>
         <input_file_ref idref="fl-3"/>
      </object_component>
      <object_component id="oc-2a4">
         <name>.debug_info</name>
         <load_address>0x4dad</load_address>
         <run_address>0x4dad</run_address>
         <size>0x1ef</size>
         <input_file_ref idref="fl-3"/>
      </object_component>
      <object_component id="oc-301">
         <name>.debug_info</name>
         <load_address>0x4f9c</load_address>
         <run_address>0x4f9c</run_address>
         <size>0x203</size>
         <input_file_ref idref="fl-3"/>
      </object_component>
      <object_component id="oc-307">
         <name>.debug_info</name>
         <load_address>0x519f</load_address>
         <run_address>0x519f</run_address>
         <size>0x205</size>
         <input_file_ref idref="fl-3"/>
      </object_component>
      <object_component id="oc-33e">
         <name>.debug_info</name>
         <load_address>0x53a4</load_address>
         <run_address>0x53a4</run_address>
         <size>0x24d</size>
         <input_file_ref idref="fl-3"/>
      </object_component>
      <object_component id="oc-319">
         <name>.debug_info</name>
         <load_address>0x55f1</load_address>
         <run_address>0x55f1</run_address>
         <size>0x207</size>
         <input_file_ref idref="fl-3"/>
      </object_component>
      <object_component id="oc-31f">
         <name>.debug_info</name>
         <load_address>0x57f8</load_address>
         <run_address>0x57f8</run_address>
         <size>0x205</size>
         <input_file_ref idref="fl-3"/>
      </object_component>
      <object_component id="oc-331">
         <name>.debug_info</name>
         <load_address>0x59fd</load_address>
         <run_address>0x59fd</run_address>
         <size>0x241</size>
         <input_file_ref idref="fl-3"/>
      </object_component>
      <object_component id="oc-344">
         <name>.debug_info</name>
         <load_address>0x5c3e</load_address>
         <run_address>0x5c3e</run_address>
         <size>0x239</size>
         <input_file_ref idref="fl-3"/>
      </object_component>
      <object_component id="oc-2e9">
         <name>.debug_info</name>
         <load_address>0x5e77</load_address>
         <run_address>0x5e77</run_address>
         <size>0x20f</size>
         <input_file_ref idref="fl-3"/>
      </object_component>
      <object_component id="oc-28b">
         <name>.debug_info</name>
         <load_address>0x6086</load_address>
         <run_address>0x6086</run_address>
         <size>0x1fa</size>
         <input_file_ref idref="fl-3"/>
      </object_component>
      <object_component id="oc-298">
         <name>.debug_info</name>
         <load_address>0x6280</load_address>
         <run_address>0x6280</run_address>
         <size>0x219</size>
         <input_file_ref idref="fl-3"/>
      </object_component>
      <object_component id="oc-fd">
         <name>.debug_info</name>
         <load_address>0x6499</load_address>
         <run_address>0x6499</run_address>
         <size>0x16d</size>
         <input_file_ref idref="fl-3"/>
      </object_component>
      <object_component id="oc-1bd">
         <name>.debug_info</name>
         <load_address>0x6606</load_address>
         <run_address>0x6606</run_address>
         <size>0x84d</size>
         <input_file_ref idref="fl-3"/>
      </object_component>
      <object_component id="oc-1c2">
         <name>.debug_info</name>
         <load_address>0x6e53</load_address>
         <run_address>0x6e53</run_address>
         <size>0xbd</size>
         <input_file_ref idref="fl-3"/>
      </object_component>
      <object_component id="oc-1c7">
         <name>.debug_info</name>
         <load_address>0x6f10</load_address>
         <run_address>0x6f10</run_address>
         <size>0x165</size>
         <input_file_ref idref="fl-3"/>
      </object_component>
      <object_component id="oc-173">
         <name>.debug_info</name>
         <load_address>0x7075</load_address>
         <run_address>0x7075</run_address>
         <size>0x8b</size>
         <input_file_ref idref="fl-3"/>
      </object_component>
      <object_component id="oc-26a">
         <name>.debug_info</name>
         <load_address>0x7100</load_address>
         <run_address>0x7100</run_address>
         <size>0x2c</size>
         <input_file_ref idref="fl-3"/>
      </object_component>
      <object_component id="oc-12e">
         <name>.debug_info</name>
         <load_address>0x712c</load_address>
         <run_address>0x712c</run_address>
         <size>0x23d</size>
         <input_file_ref idref="fl-4"/>
      </object_component>
      <object_component id="oc-20f">
         <name>.debug_info</name>
         <load_address>0x7369</load_address>
         <run_address>0x7369</run_address>
         <size>0x1a1</size>
         <input_file_ref idref="fl-4"/>
      </object_component>
      <object_component id="oc-163">
         <name>.debug_info</name>
         <load_address>0x750a</load_address>
         <run_address>0x750a</run_address>
         <size>0x1b9</size>
         <input_file_ref idref="fl-4"/>
      </object_component>
      <object_component id="oc-16d">
         <name>.debug_info</name>
         <load_address>0x76c3</load_address>
         <run_address>0x76c3</run_address>
         <size>0x18f</size>
         <input_file_ref idref="fl-4"/>
      </object_component>
      <object_component id="oc-b6">
         <name>.debug_info</name>
         <load_address>0x7852</load_address>
         <run_address>0x7852</run_address>
         <size>0x13c</size>
         <input_file_ref idref="fl-4"/>
      </object_component>
      <object_component id="oc-131">
         <name>.debug_info</name>
         <load_address>0x798e</load_address>
         <run_address>0x798e</run_address>
         <size>0xa43</size>
         <input_file_ref idref="fl-5"/>
      </object_component>
      <object_component id="oc-19d">
         <name>.debug_info</name>
         <load_address>0x83d1</load_address>
         <run_address>0x83d1</run_address>
         <size>0xf5</size>
         <input_file_ref idref="fl-5"/>
      </object_component>
      <object_component id="oc-22f">
         <name>.debug_info</name>
         <load_address>0x84c6</load_address>
         <run_address>0x84c6</run_address>
         <size>0xdb</size>
         <input_file_ref idref="fl-5"/>
      </object_component>
      <object_component id="oc-238">
         <name>.debug_info</name>
         <load_address>0x85a1</load_address>
         <run_address>0x85a1</run_address>
         <size>0xdb</size>
         <input_file_ref idref="fl-5"/>
      </object_component>
      <object_component id="oc-156">
         <name>.debug_info</name>
         <load_address>0x867c</load_address>
         <run_address>0x867c</run_address>
         <size>0xe1</size>
         <input_file_ref idref="fl-5"/>
      </object_component>
      <object_component id="oc-15c">
         <name>.debug_info</name>
         <load_address>0x875d</load_address>
         <run_address>0x875d</run_address>
         <size>0x1d2</size>
         <input_file_ref idref="fl-5"/>
      </object_component>
      <object_component id="oc-225">
         <name>.debug_info</name>
         <load_address>0x892f</load_address>
         <run_address>0x892f</run_address>
         <size>0x1ca</size>
         <input_file_ref idref="fl-5"/>
      </object_component>
      <object_component id="oc-204">
         <name>.debug_info</name>
         <load_address>0x8af9</load_address>
         <run_address>0x8af9</run_address>
         <size>0x1ff</size>
         <input_file_ref idref="fl-5"/>
      </object_component>
      <object_component id="oc-20a">
         <name>.debug_info</name>
         <load_address>0x8cf8</load_address>
         <run_address>0x8cf8</run_address>
         <size>0x132</size>
         <input_file_ref idref="fl-5"/>
      </object_component>
      <object_component id="oc-1f8">
         <name>.debug_info</name>
         <load_address>0x8e2a</load_address>
         <run_address>0x8e2a</run_address>
         <size>0x132</size>
         <input_file_ref idref="fl-5"/>
      </object_component>
      <object_component id="oc-1fe">
         <name>.debug_info</name>
         <load_address>0x8f5c</load_address>
         <run_address>0x8f5c</run_address>
         <size>0x135</size>
         <input_file_ref idref="fl-5"/>
      </object_component>
      <object_component id="oc-2c3">
         <name>.debug_info</name>
         <load_address>0x9091</load_address>
         <run_address>0x9091</run_address>
         <size>0x162</size>
         <input_file_ref idref="fl-5"/>
      </object_component>
      <object_component id="oc-ec">
         <name>.debug_info</name>
         <load_address>0x91f3</load_address>
         <run_address>0x91f3</run_address>
         <size>0x1bc</size>
         <input_file_ref idref="fl-5"/>
      </object_component>
      <object_component id="oc-169">
         <name>.debug_info</name>
         <load_address>0x93af</load_address>
         <run_address>0x93af</run_address>
         <size>0x3fd</size>
         <input_file_ref idref="fl-5"/>
      </object_component>
      <object_component id="oc-22c">
         <name>.debug_info</name>
         <load_address>0x97ac</load_address>
         <run_address>0x97ac</run_address>
         <size>0x1ab</size>
         <input_file_ref idref="fl-5"/>
      </object_component>
      <object_component id="oc-235">
         <name>.debug_info</name>
         <load_address>0x9957</load_address>
         <run_address>0x9957</run_address>
         <size>0x1e3</size>
         <input_file_ref idref="fl-5"/>
      </object_component>
      <object_component id="oc-106">
         <name>.debug_info</name>
         <load_address>0x9b3a</load_address>
         <run_address>0x9b3a</run_address>
         <size>0x172</size>
         <input_file_ref idref="fl-5"/>
      </object_component>
      <object_component id="oc-17d">
         <name>.debug_info</name>
         <load_address>0x9cac</load_address>
         <run_address>0x9cac</run_address>
         <size>0x7b</size>
         <input_file_ref idref="fl-5"/>
      </object_component>
      <object_component id="oc-390">
         <name>.debug_info</name>
         <load_address>0x9d27</load_address>
         <run_address>0x9d27</run_address>
         <size>0x1b0</size>
         <input_file_ref idref="fl-6"/>
      </object_component>
      <object_component id="oc-3e0">
         <name>.debug_info</name>
         <load_address>0x9ed7</load_address>
         <run_address>0x9ed7</run_address>
         <size>0xdb</size>
         <input_file_ref idref="fl-6"/>
      </object_component>
      <object_component id="oc-377">
         <name>.debug_info</name>
         <load_address>0x9fb2</load_address>
         <run_address>0x9fb2</run_address>
         <size>0xeb</size>
         <input_file_ref idref="fl-6"/>
      </object_component>
      <object_component id="oc-374">
         <name>.debug_info</name>
         <load_address>0xa09d</load_address>
         <run_address>0xa09d</run_address>
         <size>0xf3</size>
         <input_file_ref idref="fl-6"/>
      </object_component>
      <object_component id="oc-2b2">
         <name>.debug_info</name>
         <load_address>0xa190</load_address>
         <run_address>0xa190</run_address>
         <size>0x43c</size>
         <input_file_ref idref="fl-6"/>
      </object_component>
      <object_component id="oc-38a">
         <name>.debug_info</name>
         <load_address>0xa5cc</load_address>
         <run_address>0xa5cc</run_address>
         <size>0x33d</size>
         <input_file_ref idref="fl-6"/>
      </object_component>
      <object_component id="oc-36d">
         <name>.debug_info</name>
         <load_address>0xa909</load_address>
         <run_address>0xa909</run_address>
         <size>0x10b</size>
         <input_file_ref idref="fl-35"/>
      </object_component>
      <object_component id="oc-3c8">
         <name>.debug_info</name>
         <load_address>0xaa14</load_address>
         <run_address>0xaa14</run_address>
         <size>0xfd</size>
         <input_file_ref idref="fl-36"/>
      </object_component>
      <object_component id="oc-381">
         <name>.debug_info</name>
         <load_address>0xab11</load_address>
         <run_address>0xab11</run_address>
         <size>0xfd</size>
         <input_file_ref idref="fl-37"/>
      </object_component>
      <object_component id="oc-90">
         <name>.debug_info</name>
         <load_address>0xac0e</load_address>
         <run_address>0xac0e</run_address>
         <size>0xd6</size>
         <input_file_ref idref="fl-38"/>
      </object_component>
      <object_component id="oc-60">
         <name>.debug_info</name>
         <load_address>0xace4</load_address>
         <run_address>0xace4</run_address>
         <size>0x168</size>
         <input_file_ref idref="fl-39"/>
      </object_component>
      <object_component id="oc-a2">
         <name>.debug_info</name>
         <load_address>0xae4c</load_address>
         <run_address>0xae4c</run_address>
         <size>0x193</size>
         <input_file_ref idref="fl-3a"/>
      </object_component>
      <object_component id="oc-36">
         <name>.debug_info</name>
         <load_address>0xafdf</load_address>
         <run_address>0xafdf</run_address>
         <size>0x1c0</size>
         <input_file_ref idref="fl-3a"/>
      </object_component>
      <object_component id="oc-9d">
         <name>.debug_info</name>
         <load_address>0xb19f</load_address>
         <run_address>0xb19f</run_address>
         <size>0x46</size>
         <input_file_ref idref="fl-3a"/>
      </object_component>
      <object_component id="oc-11a">
         <name>.debug_info</name>
         <load_address>0xb1e5</load_address>
         <run_address>0xb1e5</run_address>
         <size>0x2c</size>
         <input_file_ref idref="fl-3a"/>
      </object_component>
      <object_component id="oc-aa">
         <name>.debug_info</name>
         <load_address>0xb211</load_address>
         <run_address>0xb211</run_address>
         <size>0x155</size>
         <input_file_ref idref="fl-3b"/>
      </object_component>
      <object_component id="oc-a5">
         <name>.debug_info</name>
         <load_address>0xb366</load_address>
         <run_address>0xb366</run_address>
         <size>0x21b</size>
         <input_file_ref idref="fl-3b"/>
      </object_component>
      <object_component id="oc-3b">
         <name>.debug_info</name>
         <load_address>0xb581</load_address>
         <run_address>0xb581</run_address>
         <size>0x192</size>
         <input_file_ref idref="fl-3b"/>
      </object_component>
      <object_component id="oc-ab">
         <name>.debug_info</name>
         <load_address>0xb713</load_address>
         <run_address>0xb713</run_address>
         <size>0x39</size>
         <input_file_ref idref="fl-3b"/>
      </object_component>
      <object_component id="oc-c7">
         <name>.debug_info</name>
         <load_address>0xb74c</load_address>
         <run_address>0xb74c</run_address>
         <size>0x14b</size>
         <input_file_ref idref="fl-3c"/>
      </object_component>
      <object_component id="oc-4e">
         <name>.debug_info</name>
         <load_address>0xb897</load_address>
         <run_address>0xb897</run_address>
         <size>0x196</size>
         <input_file_ref idref="fl-3c"/>
      </object_component>
      <object_component id="oc-c2">
         <name>.debug_info</name>
         <load_address>0xba2d</load_address>
         <run_address>0xba2d</run_address>
         <size>0x46</size>
         <input_file_ref idref="fl-3c"/>
      </object_component>
      <object_component id="oc-115">
         <name>.debug_info</name>
         <load_address>0xba73</load_address>
         <run_address>0xba73</run_address>
         <size>0x2c</size>
         <input_file_ref idref="fl-3c"/>
      </object_component>
      <object_component id="oc-366">
         <name>.debug_info</name>
         <load_address>0xba9f</load_address>
         <run_address>0xba9f</run_address>
         <size>0x112</size>
         <input_file_ref idref="fl-3d"/>
      </object_component>
      <object_component id="oc-3bf">
         <name>.debug_info</name>
         <load_address>0xbbb1</load_address>
         <run_address>0xbbb1</run_address>
         <size>0xfe</size>
         <input_file_ref idref="fl-3e"/>
      </object_component>
      <object_component id="oc-193">
         <name>.debug_info</name>
         <load_address>0xbcaf</load_address>
         <run_address>0xbcaf</run_address>
         <size>0x28c</size>
         <input_file_ref idref="fl-3f"/>
      </object_component>
      <object_component id="oc-25e">
         <name>.debug_info</name>
         <load_address>0xbf3b</load_address>
         <run_address>0xbf3b</run_address>
         <size>0xfe</size>
         <input_file_ref idref="fl-3f"/>
      </object_component>
      <object_component id="oc-2d4">
         <name>.debug_info</name>
         <load_address>0xc039</load_address>
         <run_address>0xc039</run_address>
         <size>0x1af</size>
         <input_file_ref idref="fl-3f"/>
      </object_component>
      <object_component id="oc-258">
         <name>.debug_info</name>
         <load_address>0xc1e8</load_address>
         <run_address>0xc1e8</run_address>
         <size>0x151</size>
         <input_file_ref idref="fl-3f"/>
      </object_component>
      <object_component id="oc-198">
         <name>.debug_info</name>
         <load_address>0xc339</load_address>
         <run_address>0xc339</run_address>
         <size>0x23a</size>
         <input_file_ref idref="fl-3f"/>
      </object_component>
      <object_component id="oc-24c">
         <name>.debug_info</name>
         <load_address>0xc573</load_address>
         <run_address>0xc573</run_address>
         <size>0x46</size>
         <input_file_ref idref="fl-3f"/>
      </object_component>
      <object_component id="oc-242">
         <name>.debug_info</name>
         <load_address>0xc5b9</load_address>
         <run_address>0xc5b9</run_address>
         <size>0x2c</size>
         <input_file_ref idref="fl-3f"/>
      </object_component>
      <object_component id="oc-247">
         <name>.debug_info</name>
         <load_address>0xc5e5</load_address>
         <run_address>0xc5e5</run_address>
         <size>0xa3</size>
         <input_file_ref idref="fl-3f"/>
      </object_component>
      <object_component id="oc-122">
         <name>.debug_info</name>
         <load_address>0xc688</load_address>
         <run_address>0xc688</run_address>
         <size>0x10b</size>
         <input_file_ref idref="fl-40"/>
      </object_component>
      <object_component id="oc-152">
         <name>.debug_info</name>
         <load_address>0xc793</load_address>
         <run_address>0xc793</run_address>
         <size>0x1d6</size>
         <input_file_ref idref="fl-41"/>
      </object_component>
      <object_component id="oc-f2">
         <name>.debug_info</name>
         <load_address>0xc969</load_address>
         <run_address>0xc969</run_address>
         <size>0xf8</size>
         <input_file_ref idref="fl-41"/>
      </object_component>
      <object_component id="oc-dc">
         <name>.debug_info</name>
         <load_address>0xca61</load_address>
         <run_address>0xca61</run_address>
         <size>0x153</size>
         <input_file_ref idref="fl-41"/>
      </object_component>
      <object_component id="oc-1eb">
         <name>.debug_info</name>
         <load_address>0xcbb4</load_address>
         <run_address>0xcbb4</run_address>
         <size>0xd9</size>
         <input_file_ref idref="fl-42"/>
      </object_component>
      <object_component id="oc-14c">
         <name>.debug_info</name>
         <load_address>0xcc8d</load_address>
         <run_address>0xcc8d</run_address>
         <size>0xf0</size>
         <input_file_ref idref="fl-42"/>
      </object_component>
      <object_component id="oc-149">
         <name>.debug_info</name>
         <load_address>0xcd7d</load_address>
         <run_address>0xcd7d</run_address>
         <size>0xec</size>
         <input_file_ref idref="fl-42"/>
      </object_component>
      <object_component id="oc-b2">
         <name>.debug_info</name>
         <load_address>0xce69</load_address>
         <run_address>0xce69</run_address>
         <size>0xec</size>
         <input_file_ref idref="fl-4e"/>
      </object_component>
      <object_component id="oc-387">
         <name>.debug_info</name>
         <load_address>0xcf55</load_address>
         <run_address>0xcf55</run_address>
         <size>0xfd</size>
         <input_file_ref idref="fl-4f"/>
      </object_component>
      <object_component id="oc-285">
         <name>.debug_info</name>
         <load_address>0xd052</load_address>
         <run_address>0xd052</run_address>
         <size>0x103</size>
         <input_file_ref idref="fl-50"/>
      </object_component>
      <object_component id="oc-2b8">
         <name>.debug_info</name>
         <load_address>0xd155</load_address>
         <run_address>0xd155</run_address>
         <size>0xfd</size>
         <input_file_ref idref="fl-51"/>
      </object_component>
      <object_component id="oc-3db">
         <name>.debug_info</name>
         <load_address>0xd252</load_address>
         <run_address>0xd252</run_address>
         <size>0x103</size>
         <input_file_ref idref="fl-51"/>
      </object_component>
      <object_component id="oc-37b">
         <name>.debug_info</name>
         <load_address>0xd355</load_address>
         <run_address>0xd355</run_address>
         <size>0x169</size>
         <input_file_ref idref="fl-52"/>
      </object_component>
      <object_component id="oc-114">
         <name>.debug_info</name>
         <load_address>0xd4be</load_address>
         <run_address>0xd4be</run_address>
         <size>0x14e</size>
         <input_file_ref idref="fl-53"/>
      </object_component>
      <object_component id="oc-98">
         <name>.debug_info</name>
         <load_address>0xd60c</load_address>
         <run_address>0xd60c</run_address>
         <size>0x172</size>
         <input_file_ref idref="fl-53"/>
      </object_component>
      <object_component id="oc-111">
         <name>.debug_info</name>
         <load_address>0xd77e</load_address>
         <run_address>0xd77e</run_address>
         <size>0x271</size>
         <input_file_ref idref="fl-54"/>
      </object_component>
      <object_component id="oc-94">
         <name>.debug_info</name>
         <load_address>0xd9ef</load_address>
         <run_address>0xd9ef</run_address>
         <size>0xe2</size>
         <input_file_ref idref="fl-54"/>
      </object_component>
      <object_component id="oc-2c9">
         <name>.debug_info</name>
         <load_address>0xdad1</load_address>
         <run_address>0xdad1</run_address>
         <size>0xdf</size>
         <input_file_ref idref="fl-54"/>
      </object_component>
      <object_component id="oc-39c">
         <name>.debug_info</name>
         <load_address>0xdbb0</load_address>
         <run_address>0xdbb0</run_address>
         <size>0x181</size>
         <input_file_ref idref="fl-54"/>
      </object_component>
      <object_component id="oc-2cd">
         <name>.debug_info</name>
         <load_address>0xdd31</load_address>
         <run_address>0xdd31</run_address>
         <size>0x111</size>
         <input_file_ref idref="fl-54"/>
      </object_component>
      <object_component id="oc-254">
         <name>.debug_info</name>
         <load_address>0xde42</load_address>
         <run_address>0xde42</run_address>
         <size>0x1a2</size>
         <input_file_ref idref="fl-54"/>
      </object_component>
      <object_component id="oc-265">
         <name>.debug_info</name>
         <load_address>0xdfe4</load_address>
         <run_address>0xdfe4</run_address>
         <size>0x2c</size>
         <input_file_ref idref="fl-54"/>
      </object_component>
      <object_component id="oc-1ae">
         <name>.debug_info</name>
         <load_address>0xe010</load_address>
         <run_address>0xe010</run_address>
         <size>0x6f</size>
         <input_file_ref idref="fl-54"/>
      </object_component>
      <object_component id="oc-3ea">
         <name>.debug_info</name>
         <load_address>0xe07f</load_address>
         <run_address>0xe07f</run_address>
         <size>0x143</size>
         <input_file_ref idref="fl-55"/>
      </object_component>
      <object_component id="oc-3d0">
         <name>.debug_info</name>
         <load_address>0xe1c2</load_address>
         <run_address>0xe1c2</run_address>
         <size>0x227</size>
         <input_file_ref idref="fl-55"/>
      </object_component>
      <object_component id="oc-361">
         <name>.debug_info</name>
         <load_address>0xe3e9</load_address>
         <run_address>0xe3e9</run_address>
         <size>0xfe</size>
         <input_file_ref idref="fl-57"/>
      </object_component>
      <object_component id="oc-cc">
         <name>.debug_info</name>
         <load_address>0xe4e7</load_address>
         <run_address>0xe4e7</run_address>
         <size>0x129</size>
[...]
      <symbol id="sm-39c">
         <name>_Z13handleGesturev</name>
         <value>0xcad6</value>
         <object_component_ref idref="oc-165"/>
      </symbol>
      <symbol id="sm-39d">
         <name>apds</name>
         <value>0x202</value>
         <object_component_ref idref="oc-19c"/>
      </symbol>
      <symbol id="sm-39e">
         <name>_Z13gesture_setupv</name>
         <value>0xd368</value>
         <object_component_ref idref="oc-201"/>
      </symbol>
      <symbol id="sm-39f">
         <name>_Z8solenoidh</name>
         <value>0xdc70</value>
         <object_component_ref idref="oc-2bf"/>
      </symbol>
      <symbol id="sm-3a0">
         <name>_Z12hash_comparePKhh</name>
         <value>0xd240</value>
         <object_component_ref idref="oc-231"/>
      </symbol>
      <symbol id="sm-3a1">
         <name>_Z5setupv</name>
         <value>0xd472</value>
         <object_component_ref idref="oc-159"/>
      </symbol>
      <symbol id="sm-3db">
         <name>_Z5SHA_2PmmS_s</name>
         <value>0xc88c</value>
         <object_component_ref idref="oc-2b0"/>
      </symbol>
      <symbol id="sm-3dc">
         <name>_Z9shaHelperPmS_</name>
         <value>0xc000</value>
         <object_component_ref idref="oc-389"/>
      </symbol>
      <symbol id="sm-3e6">
         <name>abs</name>
         <value>0xde64</value>
         <object_component_ref idref="oc-36a"/>
      </symbol>
      <symbol id="sm-3ee">
         <name>__mspabi_srai</name>
         <value>0xda80</value>
         <object_component_ref idref="oc-3c7"/>
      </symbol>
      <symbol id="sm-3ef">
         <name>__mspabi_srai_8</name>
         <value>0xda9a</value>
         <object_component_ref idref="oc-3c7"/>
      </symbol>
      <symbol id="sm-3f0">
         <name>__mspabi_srai_9</name>
         <value>0xda98</value>
         <object_component_ref idref="oc-3c7"/>
      </symbol>
      <symbol id="sm-3f1">
         <name>__mspabi_srai_6</name>
         <value>0xda9e</value>
         <object_component_ref idref="oc-3c7"/>
      </symbol>
      <symbol id="sm-3f2">
         <name>__mspabi_srai_7</name>
         <value>0xda9c</value>
         <object_component_ref idref="oc-3c7"/>
      </symbol>
      <symbol id="sm-3f3">
         <name>__mspabi_srai_4</name>
         <value>0xdaa2</value>
         <object_component_ref idref="oc-3c7"/>
      </symbol>
      <symbol id="sm-3f4">
         <name>__mspabi_srai_5</name>
         <value>0xdaa0</value>
         <object_component_ref idref="oc-3c7"/>
      </symbol>
      <symbol id="sm-3f5">
         <name>__mspabi_srai_2</name>
         <value>0xdaa6</value>
         <object_component_ref idref="oc-3c7"/>
      </symbol>
      <symbol id="sm-3f6">
         <name>__mspabi_srai_3</name>
         <value>0xdaa4</value>
         <object_component_ref idref="oc-3c7"/>
      </symbol>
      <symbol id="sm-3f7">
         <name>__mspabi_srai_1</name>
         <value>0xdaa8</value>
         <object_component_ref idref="oc-3c7"/>
      </symbol>
      <symbol id="sm-3f8">
         <name>__mspabi_srai_15</name>
         <value>0xda8c</value>
         <object_component_ref idref="oc-3c7"/>
      </symbol>
      <symbol id="sm-3f9">
         <name>__mspabi_srai_14</name>
         <value>0xda8e</value>
         <object_component_ref idref="oc-3c7"/>
      </symbol>
      <symbol id="sm-3fa">
         <name>__mspabi_srai_13</name>
         <value>0xda90</value>
         <object_component_ref idref="oc-3c7"/>
      </symbol>
      <symbol id="sm-3fb">
         <name>__mspabi_srai_12</name>
         <value>0xda92</value>
         <object_component_ref idref="oc-3c7"/>
      </symbol>
      <symbol id="sm-3fc">
         <name>__mspabi_srai_11</name>
         <value>0xda94</value>
         <object_component_ref idref="oc-3c7"/>
      </symbol>
      <symbol id="sm-3fd">
         <name>__mspabi_srai_10</name>
         <value>0xda96</value>
         <object_component_ref idref="oc-3c7"/>
      </symbol>
      <symbol id="sm-407">
         <name>__mspabi_sral</name>
         <value>0xde30</value>
         <object_component_ref idref="oc-37f"/>
      </symbol>
      <symbol id="sm-410">
         <name>_stack</name>
         <value>0x3b0</value>
         <object_component_ref idref="oc-8f"/>
      </symbol>
      <symbol id="sm-411">
         <name>_reset_vector</name>
         <value>0xfffe</value>
         <object_component_ref idref="oc-92"/>
      </symbol>
      <symbol id="sm-41c">
         <name>_c_int00_noargs</name>
         <value>0xdc54</value>
         <object_component_ref idref="oc-5d"/>
      </symbol>
      <symbol id="sm-432">
         <name>__TI_decompress_none</name>
         <value>0xddd8</value>
         <object_component_ref idref="oc-32"/>
      </symbol>
      <symbol id="sm-454">
         <name>__TI_decompress_rle24</name>
         <value>0xde7a</value>
         <object_component_ref idref="oc-38"/>
      </symbol>
      <symbol id="sm-46c">
         <name>__TI_zero_init</name>
         <value>0xdd9c</value>
         <object_component_ref idref="oc-4b"/>
      </symbol>
      <symbol id="sm-478">
         <name>__mspabi_remi</name>
         <value>0xdaac</value>
         <object_component_ref idref="oc-365"/>
      </symbol>
      <symbol id="sm-479">
         <name>__mspabi_divi</name>
         <value>0xdaac</value>
         <object_component_ref idref="oc-365"/>
      </symbol>
      <symbol id="sm-483">
         <name>__mspabi_remu</name>
         <value>0xdd86</value>
         <object_component_ref idref="oc-3bc"/>
      </symbol>
      <symbol id="sm-484">
         <name>__mspabi_divu</name>
         <value>0xdd86</value>
         <object_component_ref idref="oc-3bc"/>
      </symbol>
      <symbol id="sm-4bd">
         <name>__dso_handle</name>
         <value>0x2be</value>
      </symbol>
      <symbol id="sm-4be">
         <name>__cxa_atexit</name>
         <value>0xd5fe</value>
         <object_component_ref idref="oc-195"/>
      </symbol>
      <symbol id="sm-4bf">
         <name>__cxa_finalize</name>
         <value>0xd5b0</value>
         <object_component_ref idref="oc-2d3"/>
      </symbol>
      <symbol id="sm-4c0">
         <name>__cxa_ia64_exit</name>
         <value>0xde6e</value>
         <object_component_ref idref="oc-257"/>
      </symbol>
      <symbol id="sm-4c9">
         <name>__mspabi_func_epilog_2</name>
         <value>0xde4a</value>
         <object_component_ref idref="oc-121"/>
      </symbol>
      <symbol id="sm-4ca">
         <name>__mspabi_func_epilog_3</name>
         <value>0xde48</value>
         <object_component_ref idref="oc-121"/>
      </symbol>
      <symbol id="sm-4cb">
         <name>__mspabi_func_epilog_1</name>
         <value>0xde4c</value>
         <object_component_ref idref="oc-121"/>
      </symbol>
      <symbol id="sm-4cc">
         <name>__mspabi_func_epilog_6</name>
         <value>0xde42</value>
         <object_component_ref idref="oc-121"/>
      </symbol>
      <symbol id="sm-4cd">
         <name>__mspabi_func_epilog_7</name>
         <value>0xde40</value>
         <object_component_ref idref="oc-121"/>
      </symbol>
      <symbol id="sm-4ce">
         <name>__mspabi_func_epilog_4</name>
         <value>0xde46</value>
         <object_component_ref idref="oc-121"/>
      </symbol>
      <symbol id="sm-4cf">
         <name>__mspabi_func_epilog_5</name>
         <value>0xde44</value>
         <object_component_ref idref="oc-121"/>
      </symbol>
      <symbol id="sm-4e6">
         <name>C$$EXIT</name>
         <value>0xde84</value>
         <object_component_ref idref="oc-f0"/>
      </symbol>
      <symbol id="sm-4e7">
         <name>abort</name>
         <value>0xde84</value>
         <object_component_ref idref="oc-f0"/>
      </symbol>
      <symbol id="sm-4e8">
         <name>exit</name>
         <value>0xdb2e</value>
         <object_component_ref idref="oc-da"/>
      </symbol>
      <symbol id="sm-4f7">
         <name>__TI_dtors_ptr</name>
         <value>0x322</value>
         <object_component_ref idref="oc-148"/>
      </symbol>
      <symbol id="sm-4f8">
         <name>__TI_cleanup_ptr</name>
         <value>0x320</value>
         <object_component_ref idref="oc-14b"/>
      </symbol>
      <symbol id="sm-4fb">
         <name>__TI_int00</name>
         <value>0xffe0</value>
         <object_component_ref idref="oc-3e"/>
      </symbol>
      <symbol id="sm-4fe">
         <name>__TI_int02</name>
         <value>0xffe4</value>
         <object_component_ref idref="oc-3f"/>
      </symbol>
      <symbol id="sm-501">
         <name>__TI_int05</name>
         <value>0xffea</value>
         <object_component_ref idref="oc-41"/>
      </symbol>
      <symbol id="sm-504">
         <name>__TI_int07</name>
         <value>0xffee</value>
         <object_component_ref idref="oc-43"/>
      </symbol>
      <symbol id="sm-507">
         <name>__TI_int08</name>
         <value>0xfff0</value>
         <object_component_ref idref="oc-44"/>
      </symbol>
      <symbol id="sm-50a">
         <name>__TI_int09</name>
         <value>0xfff2</value>
         <object_component_ref idref="oc-45"/>
      </symbol>
      <symbol id="sm-50d">
         <name>__TI_int10</name>
         <value>0xfff4</value>
         <object_component_ref idref="oc-46"/>
      </symbol>
      <symbol id="sm-510">
         <name>__TI_int11</name>
         <value>0xfff6</value>
         <object_component_ref idref="oc-47"/>
      </symbol>
      <symbol id="sm-513">
         <name>__TI_int12</name>
         <value>0xfff8</value>
         <object_component_ref idref="oc-48"/>
      </symbol>
      <symbol id="sm-516">
         <name>__TI_int13</name>
         <value>0xfffa</value>
         <object_component_ref idref="oc-49"/>
      </symbol>
      <symbol id="sm-519">
         <name>__TI_int14</name>
         <value>0xfffc</value>
         <object_component_ref idref="oc-4a"/>
      </symbol>
      <symbol id="sm-521">
         <name>__TI_ISR_TRAP</name>
         <value>0xde74</value>
         <object_component_ref idref="oc-b0"/>
      </symbol>
      <symbol id="sm-529">
         <name>__mspabi_slli</name>
         <value>0xdad8</value>
         <object_component_ref idref="oc-384"/>
      </symbol>
      <symbol id="sm-52a">
         <name>__mspabi_slli_9</name>
         <value>0xdaf0</value>
         <object_component_ref idref="oc-384"/>
      </symbol>
      <symbol id="sm-52b">
         <name>__mspabi_slli_8</name>
         <value>0xdaf2</value>
         <object_component_ref idref="oc-384"/>
      </symbol>
      <symbol id="sm-52c">
         <name>__mspabi_slli_7</name>
         <value>0xdaf4</value>
         <object_component_ref idref="oc-384"/>
      </symbol>
      <symbol id="sm-52d">
         <name>__mspabi_slli_6</name>
         <value>0xdaf6</value>
         <object_component_ref idref="oc-384"/>
      </symbol>
      <symbol id="sm-52e">
         <name>__mspabi_slli_5</name>
         <value>0xdaf8</value>
         <object_component_ref idref="oc-384"/>
      </symbol>
      <symbol id="sm-52f">
         <name>__mspabi_slli_4</name>
         <value>0xdafa</value>
         <object_component_ref idref="oc-384"/>
      </symbol>
      <symbol id="sm-530">
         <name>__mspabi_slli_3</name>
         <value>0xdafc</value>
         <object_component_ref idref="oc-384"/>
      </symbol>
      <symbol id="sm-531">
         <name>__mspabi_slli_2</name>
         <value>0xdafe</value>
         <object_component_ref idref="oc-384"/>
      </symbol>
      <symbol id="sm-532">
         <name>__mspabi_slli_1</name>
         <value>0xdb00</value>
         <object_component_ref idref="oc-384"/>
      </symbol>
      <symbol id="sm-533">
         <name>__mspabi_slli_15</name>
         <value>0xdae4</value>
         <object_component_ref idref="oc-384"/>
      </symbol>
      <symbol id="sm-534">
         <name>__mspabi_slli_14</name>
         <value>0xdae6</value>
         <object_component_ref idref="oc-384"/>
      </symbol>
      <symbol id="sm-535">
         <name>__mspabi_slli_13</name>
         <value>0xdae8</value>
         <object_component_ref idref="oc-384"/>
      </symbol>
      <symbol id="sm-536">
         <name>__mspabi_slli_12</name>
         <value>0xdaea</value>
         <object_component_ref idref="oc-384"/>
      </symbol>
      <symbol id="sm-537">
         <name>__mspabi_slli_11</name>
         <value>0xdaec</value>
         <object_component_ref idref="oc-384"/>
      </symbol>
      <symbol id="sm-538">
         <name>__mspabi_slli_10</name>
         <value>0xdaee</value>
         <object_component_ref idref="oc-384"/>
      </symbol>
      <symbol id="sm-540">
         <name>__mspabi_slll_9</name>
         <value>0xd8e0</value>
         <object_component_ref idref="oc-284"/>
      </symbol>
      <symbol id="sm-541">
         <name>__mspabi_slll_8</name>
         <value>0xd8e4</value>
         <object_component_ref idref="oc-284"/>
      </symbol>
      <symbol id="sm-542">
         <name>__mspabi_slll_7</name>
         <value>0xd8e8</value>
         <object_component_ref idref="oc-284"/>
      </symbol>
      <symbol id="sm-543">
         <name>__mspabi_slll_6</name>
         <value>0xd8ec</value>
         <object_component_ref idref="oc-284"/>
      </symbol>
      <symbol id="sm-544">
         <name>__mspabi_slll_5</name>
         <value>0xd8f0</value>
         <object_component_ref idref="oc-284"/>
      </symbol>
      <symbol id="sm-545">
         <name>__mspabi_slll_4</name>
         <value>0xd8f4</value>
         <object_component_ref idref="oc-284"/>
      </symbol>
      <symbol id="sm-546">
         <name>__mspabi_slll_3</name>
         <value>0xd8f8</value>
         <object_component_ref idref="oc-284"/>
      </symbol>
      <symbol id="sm-547">
         <name>__mspabi_slll_2</name>
         <value>0xd8fc</value>
         <object_component_ref idref="oc-284"/>
      </symbol>
      <symbol id="sm-548">
         <name>__mspabi_slll_1</name>
         <value>0xd900</value>
         <object_component_ref idref="oc-284"/>
      </symbol>
      <symbol id="sm-549">
         <name>__mspabi_slll_15</name>
         <value>0xd8c8</value>
         <object_component_ref idref="oc-284"/>
      </symbol>
      <symbol id="sm-54a">
         <name>__mspabi_slll_14</name>
         <value>0xd8cc</value>
         <object_component_ref idref="oc-284"/>
      </symbol>
      <symbol id="sm-54b">
         <name>__mspabi_slll_13</name>
         <value>0xd8d0</value>
         <object_component_ref idref="oc-284"/>
      </symbol>
      <symbol id="sm-54c">
         <name>__mspabi_slll_12</name>
         <value>0xd8d4</value>
         <object_component_ref idref="oc-284"/>
      </symbol>
      <symbol id="sm-54d">
         <name>__mspabi_slll_11</name>
         <value>0xd8d8</value>
         <object_component_ref idref="oc-284"/>
      </symbol>
      <symbol id="sm-54e">
         <name>__mspabi_slll_10</name>
         <value>0xd8dc</value>
         <object_component_ref idref="oc-284"/>
      </symbol>
      <symbol id="sm-55e">
         <name>__mspabi_srll_8</name>
         <value>0xd336</value>
         <object_component_ref idref="oc-3da"/>
      </symbol>
      <symbol id="sm-55f">
         <name>__mspabi_srll_9</name>
         <value>0xd330</value>
         <object_component_ref idref="oc-3da"/>
      </symbol>
      <symbol id="sm-560">
         <name>__mspabi_srll_6</name>
         <value>0xd342</value>
         <object_component_ref idref="oc-3da"/>
      </symbol>
      <symbol id="sm-561">
         <name>__mspabi_srll_7</name>
         <value>0xd33c</value>
         <object_component_ref idref="oc-3da"/>
      </symbol>
      <symbol id="sm-562">
         <name>__mspabi_srll_4</name>
         <value>0xd34e</value>
         <object_component_ref idref="oc-3da"/>
      </symbol>
      <symbol id="sm-563">
         <name>__mspabi_srll_5</name>
         <value>0xd348</value>
         <object_component_ref idref="oc-3da"/>
      </symbol>
      <symbol id="sm-564">
         <name>__mspabi_srll_2</name>
         <value>0xd35a</value>
         <object_component_ref idref="oc-3da"/>
      </symbol>
      <symbol id="sm-565">
         <name>__mspabi_srll_3</name>
         <value>0xd354</value>
         <object_component_ref idref="oc-3da"/>
      </symbol>
      <symbol id="sm-566">
         <name>__mspabi_srll_1</name>
         <value>0xd360</value>
         <object_component_ref idref="oc-3da"/>
      </symbol>
      <symbol id="sm-567">
         <name>__mspabi_srll_15</name>
         <value>0xd30c</value>
         <object_component_ref idref="oc-3da"/>
      </symbol>
      <symbol id="sm-568">
         <name>__mspabi_srll_14</name>
         <value>0xd312</value>
         <object_component_ref idref="oc-3da"/>
      </symbol>
      <symbol id="sm-569">
         <name>__mspabi_srll_13</name>
         <value>0xd318</value>
         <object_component_ref idref="oc-3da"/>
      </symbol>
      <symbol id="sm-56a">
         <name>__mspabi_srll_12</name>
         <value>0xd31e</value>
         <object_component_ref idref="oc-3da"/>
      </symbol>
      <symbol id="sm-56b">
         <name>__mspabi_srll_11</name>
         <value>0xd324</value>
         <object_component_ref idref="oc-3da"/>
      </symbol>
      <symbol id="sm-56c">
         <name>__mspabi_srll_10</name>
         <value>0xd32a</value>
         <object_component_ref idref="oc-3da"/>
      </symbol>
      <symbol id="sm-56d">
         <name>__mspabi_srll</name>
         <value>0xddea</value>
         <object_component_ref idref="oc-2b7"/>
      </symbol>
      <symbol id="sm-57a">
         <name>__mspabi_srlll</name>
         <value>0xd842</value>
         <object_component_ref idref="oc-379"/>
      </symbol>
      <symbol id="sm-588">
         <name>memcpy</name>
         <value>0xddfc</value>
         <object_component_ref idref="oc-96"/>
      </symbol>
      <symbol id="sm-5d5">
         <name>_sys_memory</name>
         <value>0x2d0</value>
         <object_component_ref idref="oc-93"/>
      </symbol>
      <symbol id="sm-5d6">
         <name>free</name>
         <value>0xd05a</value>
         <object_component_ref idref="oc-399"/>
      </symbol>
      <symbol id="sm-5d7">
         <name>malloc</name>
         <value>0xcfac</value>
         <object_component_ref idref="oc-251"/>
      </symbol>
      <symbol id="sm-5d8">
         <name>minit</name>
         <value>0xd9b2</value>
         <object_component_ref idref="oc-2cb"/>
      </symbol>
      <symbol id="sm-5e6">
         <name>memset</name>
         <value>0xddb0</value>
         <object_component_ref idref="oc-3cf"/>
      </symbol>
      <symbol id="sm-5f1">
         <name>__mspabi_mpyi_sw</name>
         <value>0xddc4</value>
         <object_component_ref idref="oc-360"/>
      </symbol>
      <symbol id="sm-5f2">
         <name>__mspabi_mpyi</name>
         <value>0xddc4</value>
         <object_component_ref idref="oc-360"/>
      </symbol>
      <symbol id="sm-5fb">
         <name>_system_pre_init</name>
         <value>0xde80</value>
         <object_component_ref idref="oc-c8"/>
      </symbol>
      <symbol id="sm-605">
         <name>__mspabi_rlll</name>
         <value>0xde0e</value>
         <object_component_ref idref="oc-3d5"/>
      </symbol>
      <symbol id="sm-61b">
         <name>_nop</name>
         <value>0xde8c</value>
         <object_component_ref idref="oc-1e0"/>
      </symbol>
      <symbol id="sm-61c">
         <name>_lock</name>
         <value>0x324</value>
         <object_component_ref idref="oc-145"/>
      </symbol>
      <symbol id="sm-61d">
         <name>_unlock</name>
         <value>0x326</value>
         <object_component_ref idref="oc-14e"/>
      </symbol>
      <symbol id="sm-636">
         <name>_auto_init</name>
         <value>0xd3c2</value>
         <object_component_ref idref="oc-ce"/>
      </symbol>
   </symbol_table>
   <title>Link successful</title>
</link_info>
